Startpoint: _169_ (rising edge-triggered flip-flop clocked by clk)
Endpoint: _169_ (rising edge-triggered flip-flop clocked by clk)
Path Group: clk
Path Type: min

Fanout     Cap    Slew   Delay    Time   Description
-----------------------------------------------------------------------------
                  0.00    0.00    0.00   clock clk (rise edge)
                          0.00    0.00   clock network delay (ideal)
                  0.00    0.00    0.00 ^ _169_/CLK (sky130_fd_sc_hd__dfxtp_2)
                  0.03    0.18    0.18 ^ _169_/Q (sky130_fd_sc_hd__dfxtp_2)
     3    0.00                           water_time[3] (net)
                  0.03    0.00    0.18 ^ _113_/A (sky130_fd_sc_hd__and2_2)
                  0.02    0.07    0.25 ^ _113_/X (sky130_fd_sc_hd__and2_2)
     1    0.00                           _020_ (net)
                  0.02    0.00    0.25 ^ _169_/D (sky130_fd_sc_hd__dfxtp_2)
                                  0.25   data arrival time

                  0.00    0.00    0.00   clock clk (rise edge)
                          0.00    0.00   clock network delay (ideal)
                          0.00    0.00   clock reconvergence pessimism
                                  0.00 ^ _169_/CLK (sky130_fd_sc_hd__dfxtp_2)
                         -0.02   -0.02   library hold time
                                 -0.02   data required time
-----------------------------------------------------------------------------
                                 -0.02   data required time
                                 -0.25   data arrival time
-----------------------------------------------------------------------------
                                  0.27   slack (MET)


Startpoint: l_thresh[1] (input port clocked by clk)
Endpoint: _165_ (rising edge-triggered flip-flop clocked by clk)
Path Group: clk
Path Type: max

Fanout     Cap    Slew   Delay    Time   Description
-----------------------------------------------------------------------------
                  0.00    0.00    0.00   clock clk (rise edge)
                          0.00    0.00   clock network delay (ideal)
                          2.00    2.00 ^ input external delay
                  0.03    0.01    2.01 ^ l_thresh[1] (in)
     1    0.00                           l_thresh[1] (net)
                  0.03    0.00    2.01 ^ _084_/A (sky130_fd_sc_hd__inv_2)
                  0.02    0.03    2.04 v _084_/Y (sky130_fd_sc_hd__inv_2)
     1    0.00                           _053_ (net)
                  0.02    0.00    2.04 v _085_/A2 (sky130_fd_sc_hd__a31o_2)
                  0.08    0.42    2.46 v _085_/X (sky130_fd_sc_hd__a31o_2)
     2    0.01                           _054_ (net)
                  0.08    0.00    2.46 v _086_/C1 (sky130_fd_sc_hd__o211a_2)
                  0.08    0.22    2.68 v _086_/X (sky130_fd_sc_hd__o211a_2)
     2    0.00                           _007_ (net)
                  0.08    0.00    2.68 v _089_/A (sky130_fd_sc_hd__or2_2)
                  0.15    0.72    3.40 v _089_/X (sky130_fd_sc_hd__or2_2)
     4    0.01                           _056_ (net)
                  0.15    0.00    3.40 v _099_/A (sky130_fd_sc_hd__inv_2)
                  0.08    0.12    3.52 ^ _099_/Y (sky130_fd_sc_hd__inv_2)
     4    0.01                           _065_ (net)
                  0.08    0.00    3.52 ^ _108_/C1 (sky130_fd_sc_hd__o211a_2)
                  0.11    0.38    3.90 ^ _108_/X (sky130_fd_sc_hd__o211a_2)
     3    0.01                           _013_ (net)
                  0.11    0.00    3.90 ^ _140_/S (sky130_fd_sc_hd__mux2_2)
                  0.08    0.66    4.56 v _140_/X (sky130_fd_sc_hd__mux2_2)
     1    0.00                           _036_ (net)
                  0.08    0.00    4.56 v _141_/B (sky130_fd_sc_hd__or3b_2)
                  0.15    0.99    5.56 v _141_/X (sky130_fd_sc_hd__or3b_2)
     1    0.00                           _037_ (net)
                  0.15    0.00    5.56 v _155_/B (sky130_fd_sc_hd__or3_2)
                  0.16    1.06    6.61 v _155_/X (sky130_fd_sc_hd__or3_2)
     1    0.00                           _049_ (net)
                  0.16    0.00    6.61 v _156_/A3 (sky130_fd_sc_hd__a31o_2)
                  0.06    0.47    7.08 v _156_/X (sky130_fd_sc_hd__a31o_2)
     1    0.00                           _001_ (net)
                  0.06    0.00    7.08 v _165_/D (sky130_fd_sc_hd__dfxtp_2)
                                  7.08   data arrival time

                  0.00   10.00   10.00   clock clk (rise edge)
                          0.00   10.00   clock network delay (ideal)
                          0.00   10.00   clock reconvergence pessimism
                                 10.00 ^ _165_/CLK (sky130_fd_sc_hd__dfxtp_2)
                         -0.29    9.71   library setup time
                                  9.71   data required time
-----------------------------------------------------------------------------
                                  9.71   data required time
                                 -7.08   data arrival time
-----------------------------------------------------------------------------
                                  2.63   slack (MET)


