Warning - class CORE ANTENNACELL is not found. This msg can be ignored if not in the antenna-avoid flow

Net - clk
  _16_  (sky130_fd_sc_hd__dfxtp_1)  CLK
[1]  met2:
  PAR:   10.03  Ratio:    0.00       (Area)
  PAR:   52.40  Ratio:  400.00       (S.Area)
  CAR:   11.05  Ratio:    0.00       (C.Area)
  CAR:   58.41  Ratio:    0.00       (C.S.Area)

[1]  met1:
  PAR:    0.93  Ratio:    0.00       (Area)
  PAR:    5.90  Ratio:  400.00       (S.Area)
  CAR:    1.02  Ratio:    0.00       (C.Area)
  CAR:    6.01  Ratio:    0.00       (C.S.Area)

[1]  li1:
  PAR:    0.09  Ratio:    0.00       (Area)
  PAR:    0.11  Ratio:   75.00       (S.Area)
  CAR:    0.09  Ratio:    0.00       (C.Area)
  CAR:    0.11  Ratio:    0.00       (C.S.Area)

[1]  M1M2_PR:
  PAR:    0.28  Ratio:    6.00       (Area)
  CAR:    0.46  Ratio:    0.00       (C.Area)

[1]  L1M1_PR_MR:
  PAR:    0.18  Ratio:    3.00       (Area)
  CAR:    0.18  Ratio:    0.00       (C.Area)

  _14_  (sky130_fd_sc_hd__dfxtp_1)  CLK
[1]  met2:
  PAR:   10.03  Ratio:    0.00       (Area)
  PAR:   52.40  Ratio:  400.00       (S.Area)
  CAR:   13.86  Ratio:    0.00       (C.Area)
  CAR:   74.30  Ratio:    0.00       (C.S.Area)

[1]  met1:
  PAR:    0.53  Ratio:    0.00       (Area)
  PAR:    3.26  Ratio:  400.00       (S.Area)
  CAR:    0.62  Ratio:    0.00       (C.Area)
  CAR:    3.36  Ratio:    0.00       (C.S.Area)

[1]  li1:
  PAR:    0.09  Ratio:    0.00       (Area)
  PAR:    0.11  Ratio:   75.00       (S.Area)
  CAR:    0.09  Ratio:    0.00       (C.Area)
  CAR:    0.11  Ratio:    0.00       (C.S.Area)

[1]  M1M2_PR:
  PAR:    0.14  Ratio:    6.00       (Area)
  CAR:    0.32  Ratio:    0.00       (C.Area)

[1]  L1M1_PR_MR:
  PAR:    0.18  Ratio:    3.00       (Area)
  CAR:    0.18  Ratio:    0.00       (C.Area)

  _15_  (sky130_fd_sc_hd__dfxtp_1)  CLK
[1]  met2:
  PAR:   10.03  Ratio:    0.00       (Area)
  PAR:   52.40  Ratio:  400.00       (S.Area)
  CAR:   13.33  Ratio:    0.00       (C.Area)
  CAR:   71.05  Ratio:    0.00       (C.S.Area)

[1]  met1:
  PAR:    2.28  Ratio:    0.00       (Area)
  PAR:   12.64  Ratio:  400.00       (S.Area)
  CAR:    2.37  Ratio:    0.00       (C.Area)
  CAR:   12.74  Ratio:    0.00       (C.S.Area)

[1]  li1:
  PAR:    0.09  Ratio:    0.00       (Area)
  PAR:    0.11  Ratio:   75.00       (S.Area)
  CAR:    0.09  Ratio:    0.00       (C.Area)
  CAR:    0.11  Ratio:    0.00       (C.S.Area)

[1]  M1M2_PR:
  PAR:    0.28  Ratio:    6.00       (Area)
  CAR:    0.46  Ratio:    0.00       (C.Area)

[1]  L1M1_PR_MR:
  PAR:    0.18  Ratio:    3.00       (Area)
  CAR:    0.18  Ratio:    0.00       (C.Area)


Net - l_sense
  input1  (sky130_fd_sc_hd__buf_1)  A
[1]  met2:
  PAR:    6.76  Ratio:    0.00       (Area)
  PAR:   34.31  Ratio:  400.00       (S.Area)
  CAR:    8.90  Ratio:    0.00       (C.Area)
  CAR:   45.22  Ratio:    0.00       (C.S.Area)

[1]  met1:
  PAR:    2.07  Ratio:    0.00       (Area)
  PAR:   10.83  Ratio:  400.00       (S.Area)
  CAR:    2.14  Ratio:    0.00       (C.Area)
  CAR:   10.92  Ratio:    0.00       (C.S.Area)

[1]  li1:
  PAR:    0.07  Ratio:    0.00       (Area)
  PAR:    0.09  Ratio:   75.00       (S.Area)
  CAR:    0.07  Ratio:    0.00       (C.Area)
  CAR:    0.09  Ratio:    0.00       (C.S.Area)

[1]  M1M2_PR:
  PAR:    0.11  Ratio:    6.00       (Area)
  CAR:    0.26  Ratio:    0.00       (C.Area)

[1]  L1M1_PR_MR:
  PAR:    0.15  Ratio:    3.00       (Area)
  CAR:    0.15  Ratio:    0.00       (C.Area)


Net - l_thresh[0]
  input2  (sky130_fd_sc_hd__clkbuf_1)  A
[1]  met2:
  PAR:    6.76  Ratio:    0.00       (Area)
  PAR:   34.31  Ratio:  400.00       (S.Area)
  CAR:    6.93  Ratio:    0.00       (C.Area)
  CAR:   34.89  Ratio:    0.00       (C.S.Area)

[1]  met1:
  PAR:    0.10  Ratio:    0.00       (Area)
  PAR:    0.50  Ratio:  400.00       (S.Area)
  CAR:    0.17  Ratio:    0.00       (C.Area)
  CAR:    0.59  Ratio:    0.00       (C.S.Area)

[1]  li1:
  PAR:    0.07  Ratio:    0.00       (Area)
  PAR:    0.09  Ratio:   75.00       (S.Area)
  CAR:    0.07  Ratio:    0.00       (C.Area)
  CAR:    0.09  Ratio:    0.00       (C.S.Area)

[1]  M1M2_PR:
  PAR:    0.11  Ratio:    6.00       (Area)
  CAR:    0.26  Ratio:    0.00       (C.Area)

[1]  L1M1_PR_MR:
  PAR:    0.15  Ratio:    3.00       (Area)
  CAR:    0.15  Ratio:    0.00       (C.Area)


Net - l_thresh[1]
  input3  (sky130_fd_sc_hd__clkbuf_1)  A
[1]  met2:
  PAR:    7.97  Ratio:    0.00       (Area)
  PAR:   40.36  Ratio:  400.00       (S.Area)
  CAR:   11.42  Ratio:    0.00       (C.Area)
  CAR:   57.83  Ratio:    0.00       (C.S.Area)

[1]  met1:
  PAR:    3.38  Ratio:    0.00       (Area)
  PAR:   17.38  Ratio:  400.00       (S.Area)
  CAR:    3.45  Ratio:    0.00       (C.Area)
  CAR:   17.47  Ratio:    0.00       (C.S.Area)

[1]  li1:
  PAR:    0.07  Ratio:    0.00       (Area)
  PAR:    0.09  Ratio:   75.00       (S.Area)
  CAR:    0.07  Ratio:    0.00       (C.Area)
  CAR:    0.09  Ratio:    0.00       (C.S.Area)

[1]  M1M2_PR:
  PAR:    0.11  Ratio:    6.00       (Area)
  CAR:    0.26  Ratio:    0.00       (C.Area)

[1]  L1M1_PR_MR:
  PAR:    0.15  Ratio:    3.00       (Area)
  CAR:    0.15  Ratio:    0.00       (C.Area)


Net - m_sense
  input4  (sky130_fd_sc_hd__buf_1)  A
[1]  met2:
  PAR:    6.52  Ratio:    0.00       (Area)
  PAR:   33.09  Ratio:  400.00       (S.Area)
  CAR:   17.09  Ratio:    0.00       (C.Area)
  CAR:   86.69  Ratio:    0.00       (C.S.Area)

[1]  met1:
  PAR:   10.50  Ratio:    0.00       (Area)
  PAR:   53.51  Ratio:  400.00       (S.Area)
  CAR:   10.58  Ratio:    0.00       (C.Area)
  CAR:   53.59  Ratio:    0.00       (C.S.Area)

[1]  li1:
  PAR:    0.07  Ratio:    0.00       (Area)
  PAR:    0.09  Ratio:   75.00       (S.Area)
  CAR:    0.07  Ratio:    0.00       (C.Area)
  CAR:    0.09  Ratio:    0.00       (C.S.Area)

[1]  M1M2_PR:
  PAR:    0.11  Ratio:    6.00       (Area)
  CAR:    0.26  Ratio:    0.00       (C.Area)

[1]  L1M1_PR_MR:
  PAR:    0.15  Ratio:    3.00       (Area)
  CAR:    0.15  Ratio:    0.00       (C.Area)


Net - m_thresh_1
  input5  (sky130_fd_sc_hd__buf_1)  A
[1]  met3:
  PAR:    6.30  Ratio:    0.00       (Area)
  PAR:   36.00  Ratio:  400.00       (S.Area)
  CAR:    6.98  Ratio:    0.00       (C.Area)
  CAR:   39.65  Ratio:    0.00       (C.S.Area)

[1]  met2:
  PAR:    0.51  Ratio:    0.00       (Area)
  PAR:    3.06  Ratio:  400.00       (S.Area)
  CAR:    0.69  Ratio:    0.00       (C.Area)
  CAR:    3.65  Ratio:    0.00       (C.S.Area)

[1]  met1:
  PAR:    0.10  Ratio:    0.00       (Area)
  PAR:    0.50  Ratio:  400.00       (S.Area)
  CAR:    0.17  Ratio:    0.00       (C.Area)
  CAR:    0.59  Ratio:    0.00       (C.S.Area)

[1]  li1:
  PAR:    0.07  Ratio:    0.00       (Area)
  PAR:    0.09  Ratio:   75.00       (S.Area)
  CAR:    0.07  Ratio:    0.00       (C.Area)
  CAR:    0.09  Ratio:    0.00       (C.S.Area)

[1]  via2_FR:
  PAR:    0.20  Ratio:    6.00       (Area)
  CAR:    0.47  Ratio:    0.00       (C.Area)

[1]  M1M2_PR:
  PAR:    0.11  Ratio:    6.00       (Area)
  CAR:    0.26  Ratio:    0.00       (C.Area)

[1]  L1M1_PR_MR:
  PAR:    0.15  Ratio:    3.00       (Area)
  CAR:    0.15  Ratio:    0.00       (C.Area)


Net - m_thresh_2
  input6  (sky130_fd_sc_hd__clkbuf_1)  A
[1]  met3:
  PAR:    6.30  Ratio:    0.00       (Area)
  PAR:   36.00  Ratio:  400.00       (S.Area)
  CAR:    7.47  Ratio:    0.00       (C.Area)
  CAR:   42.07  Ratio:    0.00       (C.S.Area)

[1]  met2:
  PAR:    1.00  Ratio:    0.00       (Area)
  PAR:    5.49  Ratio:  400.00       (S.Area)
  CAR:    1.17  Ratio:    0.00       (C.Area)
  CAR:    6.07  Ratio:    0.00       (C.S.Area)

[1]  met1:
  PAR:    0.10  Ratio:    0.00       (Area)
  PAR:    0.50  Ratio:  400.00       (S.Area)
  CAR:    0.17  Ratio:    0.00       (C.Area)
  CAR:    0.59  Ratio:    0.00       (C.S.Area)

[1]  li1:
  PAR:    0.07  Ratio:    0.00       (Area)
  PAR:    0.09  Ratio:   75.00       (S.Area)
  CAR:    0.07  Ratio:    0.00       (C.Area)
  CAR:    0.09  Ratio:    0.00       (C.S.Area)

[1]  via2_FR:
  PAR:    0.20  Ratio:    6.00       (Area)
  CAR:    0.47  Ratio:    0.00       (C.Area)

[1]  M1M2_PR:
  PAR:    0.11  Ratio:    6.00       (Area)
  CAR:    0.26  Ratio:    0.00       (C.Area)

[1]  L1M1_PR_MR:
  PAR:    0.15  Ratio:    3.00       (Area)
  CAR:    0.15  Ratio:    0.00       (C.Area)


Net - water_time_long
  input7  (sky130_fd_sc_hd__buf_1)  A
[1]  met2:
  PAR:    6.60  Ratio:    0.00       (Area)
  PAR:   34.52  Ratio:  400.00       (S.Area)
  CAR:    7.43  Ratio:    0.00       (C.Area)
  CAR:   38.88  Ratio:    0.00       (C.S.Area)

[1]  met1:
  PAR:    0.76  Ratio:    0.00       (Area)
  PAR:    4.27  Ratio:  400.00       (S.Area)
  CAR:    0.83  Ratio:    0.00       (C.Area)
  CAR:    4.36  Ratio:    0.00       (C.S.Area)

[1]  li1:
  PAR:    0.07  Ratio:    0.00       (Area)
  PAR:    0.09  Ratio:   75.00       (S.Area)
  CAR:    0.07  Ratio:    0.00       (C.Area)
  CAR:    0.09  Ratio:    0.00       (C.S.Area)

[1]  M1M2_PR:
  PAR:    0.11  Ratio:    6.00       (Area)
  CAR:    0.26  Ratio:    0.00       (C.Area)

[1]  L1M1_PR_MR:
  PAR:    0.15  Ratio:    3.00       (Area)
  CAR:    0.15  Ratio:    0.00       (C.Area)


Net - water_time_short
  input8  (sky130_fd_sc_hd__buf_1)  A
[1]  met3:
  PAR:    9.11  Ratio:    0.00       (Area)
  PAR:   50.98  Ratio:  400.00       (S.Area)
  CAR:   10.04  Ratio:    0.00       (C.Area)
  CAR:   55.84  Ratio:    0.00       (C.S.Area)

[1]  met2:
  PAR:    0.76  Ratio:    0.00       (Area)
  PAR:    4.27  Ratio:  400.00       (S.Area)
  CAR:    0.93  Ratio:    0.00       (C.Area)
  CAR:    4.86  Ratio:    0.00       (C.S.Area)

[1]  met1:
  PAR:    0.10  Ratio:    0.00       (Area)
  PAR:    0.50  Ratio:  400.00       (S.Area)
  CAR:    0.17  Ratio:    0.00       (C.Area)
  CAR:    0.59  Ratio:    0.00       (C.S.Area)

[1]  li1:
  PAR:    0.07  Ratio:    0.00       (Area)
  PAR:    0.09  Ratio:   75.00       (S.Area)
  CAR:    0.07  Ratio:    0.00       (C.Area)
  CAR:    0.09  Ratio:    0.00       (C.S.Area)

[1]  via2_FR:
  PAR:    0.20  Ratio:    6.00       (Area)
  CAR:    0.47  Ratio:    0.00       (C.Area)

[1]  M1M2_PR:
  PAR:    0.11  Ratio:    6.00       (Area)
  CAR:    0.26  Ratio:    0.00       (C.Area)

[1]  L1M1_PR_MR:
  PAR:    0.15  Ratio:    3.00       (Area)
  CAR:    0.15  Ratio:    0.00       (C.Area)


Net - water_toggle
  No sinks on this net

Net - _00_
  _14_  (sky130_fd_sc_hd__dfxtp_1)  D
[1]  met2:
  PAR:    5.04  Ratio:    0.00       (Area)
  PAR:   25.52  Ratio: 2775.60       (S.Area)
  CAR:   13.02  Ratio:    0.00       (C.Area)
  CAR:   65.80  Ratio:    0.00       (C.S.Area)

[1]  met1:
  PAR:    7.87  Ratio:    0.00       (Area)
  PAR:   40.14  Ratio:  400.00       (S.Area)
  CAR:    7.99  Ratio:    0.00       (C.Area)
  CAR:   40.27  Ratio:    0.00       (C.S.Area)

[1]  li1:
  PAR:    0.11  Ratio:    0.00       (Area)
  PAR:    0.13  Ratio:   75.00       (S.Area)
  CAR:    0.11  Ratio:    0.00       (C.Area)
  CAR:    0.13  Ratio:    0.00       (C.S.Area)

[1]  M1M2_PR:
  PAR:    0.18  Ratio:    6.00       (Area)
  CAR:    0.41  Ratio:    0.00       (C.Area)

[1]  L1M1_PR_MR:
  PAR:    0.23  Ratio:    3.00       (Area)
  CAR:    0.23  Ratio:    0.00       (C.Area)


Net - _01_
  _15_  (sky130_fd_sc_hd__dfxtp_1)  D
[1]  met2:
  PAR:    8.81  Ratio:    0.00       (Area)
  PAR:   44.41  Ratio: 2771.60       (S.Area)
  CAR:   10.00  Ratio:    0.00       (C.Area)
  CAR:   50.66  Ratio:    0.00       (C.S.Area)

[1]  met1:
  PAR:    1.07  Ratio:    0.00       (Area)
  PAR:    6.11  Ratio:  400.00       (S.Area)
  CAR:    1.18  Ratio:    0.00       (C.Area)
  CAR:    6.25  Ratio:    0.00       (C.S.Area)

[1]  li1:
  PAR:    0.11  Ratio:    0.00       (Area)
  PAR:    0.13  Ratio:   75.00       (S.Area)
  CAR:    0.11  Ratio:    0.00       (C.Area)
  CAR:    0.13  Ratio:    0.00       (C.S.Area)

[1]  M1M2_PR:
  PAR:    0.18  Ratio:    6.00       (Area)
  CAR:    0.41  Ratio:    0.00       (C.Area)

[1]  L1M1_PR_MR:
  PAR:    0.23  Ratio:    3.00       (Area)
  CAR:    0.23  Ratio:    0.00       (C.Area)


Net - _02_
  _16_  (sky130_fd_sc_hd__dfxtp_1)  D
[1]  met2:
  PAR:   17.64  Ratio:    0.00       (Area)
  PAR:   90.08  Ratio: 2779.60       (S.Area)
  CAR:   18.25  Ratio:    0.00       (C.Area)
  CAR:   93.46  Ratio:    0.00       (C.S.Area)

[1]  met1:
  PAR:    0.49  Ratio:    0.00       (Area)
  PAR:    3.25  Ratio:  400.00       (S.Area)
  CAR:    0.61  Ratio:    0.00       (C.Area)
  CAR:    3.38  Ratio:    0.00       (C.S.Area)

[1]  li1:
  PAR:    0.11  Ratio:    0.00       (Area)
  PAR:    0.13  Ratio:   75.00       (S.Area)
  CAR:    0.11  Ratio:    0.00       (C.Area)
  CAR:    0.13  Ratio:    0.00       (C.S.Area)

[1]  M1M2_PR:
  PAR:    0.18  Ratio:    6.00       (Area)
  CAR:    0.41  Ratio:    0.00       (C.Area)

[1]  L1M1_PR_MR:
  PAR:    0.23  Ratio:    3.00       (Area)
  CAR:    0.23  Ratio:    0.00       (C.Area)


Net - _03_
  _10_  (sky130_fd_sc_hd__a21o_1)  A1
[1]  met2:
  PAR:    5.78  Ratio:    0.00       (Area)
  PAR:   29.54  Ratio: 2778.20       (S.Area)
  CAR:   10.65  Ratio:    0.00       (C.Area)
  CAR:   55.98  Ratio:    0.00       (C.S.Area)

[1]  met1:
  PAR:    0.08  Ratio:    0.00       (Area)
  PAR:    0.40  Ratio:  400.00       (S.Area)
  CAR:    0.14  Ratio:    0.00       (C.Area)
  CAR:    0.46  Ratio:    0.00       (C.S.Area)

[1]  li1:
  PAR:    0.06  Ratio:    0.00       (Area)
  PAR:    0.07  Ratio:   75.00       (S.Area)
  CAR:    0.06  Ratio:    0.00       (C.Area)
  CAR:    0.07  Ratio:    0.00       (C.S.Area)

[1]  M1M2_PR:
  PAR:    0.09  Ratio:    6.00       (Area)
  CAR:    0.21  Ratio:    0.00       (C.Area)

[1]  L1M1_PR_MR:
  PAR:    0.12  Ratio:    3.00       (Area)
  CAR:    0.12  Ratio:    0.00       (C.Area)

  _11_  (sky130_fd_sc_hd__or3_1)  C
[1]  met2:
  PAR:    5.78  Ratio:    0.00       (Area)
  PAR:   29.54  Ratio: 2778.20       (S.Area)
  CAR:   10.62  Ratio:    0.00       (C.Area)
  CAR:   55.65  Ratio:    0.00       (C.S.Area)

[1]  met1:
  PAR:    4.73  Ratio:    0.00       (Area)
  PAR:   25.97  Ratio:  400.00       (S.Area)
  CAR:    4.84  Ratio:    0.00       (C.Area)
  CAR:   26.11  Ratio:    0.00       (C.S.Area)

[1]  li1:
  PAR:    0.11  Ratio:    0.00       (Area)
  PAR:    0.13  Ratio:   75.00       (S.Area)
  CAR:    0.11  Ratio:    0.00       (C.Area)
  CAR:    0.13  Ratio:    0.00       (C.S.Area)

[1]  M1M2_PR:
  PAR:    0.36  Ratio:    6.00       (Area)
  CAR:    0.59  Ratio:    0.00       (C.Area)

[1]  L1M1_PR_MR:
  PAR:    0.23  Ratio:    3.00       (Area)
  CAR:    0.23  Ratio:    0.00       (C.Area)


Net - _04_
  _09_  (sky130_fd_sc_hd__a211oi_4)  A2
[1]  met2:
  PAR:    1.12  Ratio:    0.00       (Area)
  PAR:    5.65  Ratio: 2778.20       (S.Area)
  CAR:    1.16  Ratio:    0.00       (C.Area)
  CAR:    5.77  Ratio:    0.00       (C.S.Area)

[1]  met1:
  PAR:    0.02  Ratio:    0.00       (Area)
  PAR:    0.10  Ratio:  400.00       (S.Area)
  CAR:    0.03  Ratio:    0.00       (C.Area)
  CAR:    0.12  Ratio:    0.00       (C.S.Area)

[1]  li1:
  PAR:    0.01  Ratio:    0.00       (Area)
  PAR:    0.02  Ratio:   75.00       (S.Area)
  CAR:    0.01  Ratio:    0.00       (C.Area)
  CAR:    0.02  Ratio:    0.00       (C.S.Area)

[1]  M1M2_PR:
  PAR:    0.02  Ratio:    6.00       (Area)
  CAR:    0.05  Ratio:    0.00       (C.Area)

[1]  L1M1_PR_MR:
  PAR:    0.03  Ratio:    3.00       (Area)
  CAR:    0.03  Ratio:    0.00       (C.Area)


Net - _05_
  _10_  (sky130_fd_sc_hd__a21o_1)  A2
[1]  met2:
  PAR:    1.42  Ratio:    0.00       (Area)
  PAR:    7.37  Ratio: 3274.00       (S.Area)
  CAR:    4.42  Ratio:    0.00       (C.Area)
  CAR:   22.55  Ratio:    0.00       (C.S.Area)

[1]  met1:
  PAR:    2.94  Ratio:    0.00       (Area)
  PAR:   15.10  Ratio:  400.00       (S.Area)
  CAR:    3.00  Ratio:    0.00       (C.Area)
  CAR:   15.17  Ratio:    0.00       (C.S.Area)

[1]  li1:
  PAR:    0.06  Ratio:    0.00       (Area)
  PAR:    0.07  Ratio:   75.00       (S.Area)
  CAR:    0.06  Ratio:    0.00       (C.Area)
  CAR:    0.07  Ratio:    0.00       (C.S.Area)

[1]  M1M2_PR:
  PAR:    0.09  Ratio:    6.00       (Area)
  CAR:    0.21  Ratio:    0.00       (C.Area)

[1]  L1M1_PR_MR:
  PAR:    0.12  Ratio:    3.00       (Area)
  CAR:    0.12  Ratio:    0.00       (C.Area)

  _13_  (sky130_fd_sc_hd__o21a_1)  A2
[1]  met2:
  PAR:    1.42  Ratio:    0.00       (Area)
  PAR:    7.37  Ratio: 3274.00       (S.Area)
  CAR:    1.56  Ratio:    0.00       (C.Area)
  CAR:    7.84  Ratio:    0.00       (C.S.Area)

[1]  met1:
  PAR:    0.08  Ratio:    0.00       (Area)
  PAR:    0.40  Ratio:  400.00       (S.Area)
  CAR:    0.14  Ratio:    0.00       (C.Area)
  CAR:    0.46  Ratio:    0.00       (C.S.Area)

[1]  li1:
  PAR:    0.06  Ratio:    0.00       (Area)
  PAR:    0.07  Ratio:   75.00       (S.Area)
  CAR:    0.06  Ratio:    0.00       (C.Area)
  CAR:    0.07  Ratio:    0.00       (C.S.Area)

[1]  M1M2_PR:
  PAR:    0.09  Ratio:    6.00       (Area)
  CAR:    0.21  Ratio:    0.00       (C.Area)

[1]  L1M1_PR_MR:
  PAR:    0.12  Ratio:    3.00       (Area)
  CAR:    0.12  Ratio:    0.00       (C.Area)


Net - _06_
  _13_  (sky130_fd_sc_hd__o21a_1)  B1
[1]  met2:
  PAR:    1.91  Ratio:    0.00       (Area)
  PAR:   10.24  Ratio: 2784.80       (S.Area)
  CAR:    2.05  Ratio:    0.00       (C.Area)
  CAR:   10.71  Ratio:    0.00       (C.S.Area)

[1]  met1:
  PAR:    0.08  Ratio:    0.00       (Area)
  PAR:    0.40  Ratio:  400.00       (S.Area)
  CAR:    0.14  Ratio:    0.00       (C.Area)
  CAR:    0.46  Ratio:    0.00       (C.S.Area)

[1]  li1:
  PAR:    0.06  Ratio:    0.00       (Area)
  PAR:    0.07  Ratio:   75.00       (S.Area)
  CAR:    0.06  Ratio:    0.00       (C.Area)
  CAR:    0.07  Ratio:    0.00       (C.S.Area)

[1]  M1M2_PR:
  PAR:    0.09  Ratio:    6.00       (Area)
  CAR:    0.21  Ratio:    0.00       (C.Area)

[1]  L1M1_PR_MR:
  PAR:    0.12  Ratio:    3.00       (Area)
  CAR:    0.12  Ratio:    0.00       (C.Area)

  _12_  (sky130_fd_sc_hd__nand2b_1)  B
[1]  met2:
  PAR:    1.91  Ratio:    0.00       (Area)
  PAR:   10.24  Ratio: 2784.80       (S.Area)
  CAR:    6.15  Ratio:    0.00       (C.Area)
  CAR:   32.39  Ratio:    0.00       (C.S.Area)

[1]  met1:
  PAR:    4.18  Ratio:    0.00       (Area)
  PAR:   22.07  Ratio:  400.00       (S.Area)
  CAR:    4.24  Ratio:    0.00       (C.Area)
  CAR:   22.14  Ratio:    0.00       (C.S.Area)

[1]  li1:
  PAR:    0.06  Ratio:    0.00       (Area)
  PAR:    0.07  Ratio:   75.00       (S.Area)
  CAR:    0.06  Ratio:    0.00       (C.Area)
  CAR:    0.07  Ratio:    0.00       (C.S.Area)

[1]  M1M2_PR:
  PAR:    0.09  Ratio:    6.00       (Area)
  CAR:    0.21  Ratio:    0.00       (C.Area)

[1]  L1M1_PR_MR:
  PAR:    0.12  Ratio:    3.00       (Area)
  CAR:    0.12  Ratio:    0.00       (C.Area)


Net - state\[0\]
  _11_  (sky130_fd_sc_hd__or3_1)  B
[1]  met2:
  PAR:    1.25  Ratio:    0.00       (Area)
  PAR:    6.35  Ratio: 2771.60       (S.Area)
  CAR:    2.59  Ratio:    0.00       (C.Area)
  CAR:   13.06  Ratio:    0.00       (C.S.Area)

[1]  met1:
  PAR:    1.23  Ratio:    0.00       (Area)
  PAR:    6.57  Ratio:  400.00       (S.Area)
  CAR:    1.34  Ratio:    0.00       (C.Area)
  CAR:    6.71  Ratio:    0.00       (C.S.Area)

[1]  li1:
  PAR:    0.11  Ratio:    0.00       (Area)
  PAR:    0.13  Ratio:   75.00       (S.Area)
  CAR:    0.11  Ratio:    0.00       (C.Area)
  CAR:    0.13  Ratio:    0.00       (C.S.Area)

[1]  M1M2_PR:
  PAR:    0.02  Ratio:    6.00       (Area)
  CAR:    0.25  Ratio:    0.00       (C.Area)

[1]  L1M1_PR_MR:
  PAR:    0.23  Ratio:    3.00       (Area)
  CAR:    0.23  Ratio:    0.00       (C.Area)

  _09_  (sky130_fd_sc_hd__a211oi_4)  C1
[1]  met2:
  PAR:    1.25  Ratio:    0.00       (Area)
  PAR:    6.35  Ratio: 2771.60       (S.Area)
  CAR:    2.49  Ratio:    0.00       (C.Area)
  CAR:   12.94  Ratio:    0.00       (C.S.Area)

[1]  met1:
  PAR:    1.23  Ratio:    0.00       (Area)
  PAR:    6.57  Ratio:  400.00       (S.Area)
  CAR:    1.24  Ratio:    0.00       (C.Area)
  CAR:    6.59  Ratio:    0.00       (C.S.Area)

[1]  li1:
  PAR:    0.01  Ratio:    0.00       (Area)
  PAR:    0.02  Ratio:   75.00       (S.Area)
  CAR:    0.01  Ratio:    0.00       (C.Area)
  CAR:    0.02  Ratio:    0.00       (C.S.Area)

[1]  M1M2_PR:
  PAR:    0.02  Ratio:    6.00       (Area)
  CAR:    0.05  Ratio:    0.00       (C.Area)

[1]  L1M1_PR_MR:
  PAR:    0.03  Ratio:    3.00       (Area)
  CAR:    0.03  Ratio:    0.00       (C.Area)

  _12_  (sky130_fd_sc_hd__nand2b_1)  A_N
[1]  met2:
  PAR:    1.25  Ratio:    0.00       (Area)
  PAR:    6.35  Ratio: 2771.60       (S.Area)
  CAR:    3.94  Ratio:    0.00       (C.Area)
  CAR:   20.93  Ratio:    0.00       (C.S.Area)

[1]  met1:
  PAR:    2.58  Ratio:    0.00       (Area)
  PAR:   14.44  Ratio:  400.00       (S.Area)
  CAR:    2.69  Ratio:    0.00       (C.Area)
  CAR:   14.58  Ratio:    0.00       (C.S.Area)

[1]  li1:
  PAR:    0.11  Ratio:    0.00       (Area)
  PAR:    0.13  Ratio:   75.00       (S.Area)
  CAR:    0.11  Ratio:    0.00       (C.Area)
  CAR:    0.13  Ratio:    0.00       (C.S.Area)

[1]  M1M2_PR:
  PAR:    0.18  Ratio:    6.00       (Area)
  CAR:    0.41  Ratio:    0.00       (C.Area)

[1]  L1M1_PR_MR:
  PAR:    0.23  Ratio:    3.00       (Area)
  CAR:    0.23  Ratio:    0.00       (C.Area)


Net - state\[1\]
  _10_  (sky130_fd_sc_hd__a21o_1)  B1
[1]  met2:
  PAR:    1.28  Ratio:    0.00       (Area)
  PAR:    6.59  Ratio: 2771.60       (S.Area)
  CAR:   16.14  Ratio:    0.00       (C.Area)
  CAR:   84.54  Ratio:    0.00       (C.S.Area)

[1]  met1:
  PAR:    4.17  Ratio:    0.00       (Area)
  PAR:   21.66  Ratio:  400.00       (S.Area)
  CAR:    4.23  Ratio:    0.00       (C.Area)
  CAR:   21.73  Ratio:    0.00       (C.S.Area)

[1]  li1:
  PAR:    0.06  Ratio:    0.00       (Area)
  PAR:    0.07  Ratio:   75.00       (S.Area)
  CAR:    0.06  Ratio:    0.00       (C.Area)
  CAR:    0.07  Ratio:    0.00       (C.S.Area)

[1]  M1M2_PR:
  PAR:    0.09  Ratio:    6.00       (Area)
  CAR:    0.21  Ratio:    0.00       (C.Area)

[1]  L1M1_PR_MR:
  PAR:    0.12  Ratio:    3.00       (Area)
  CAR:    0.12  Ratio:    0.00       (C.Area)

  _11_  (sky130_fd_sc_hd__or3_1)  A
[1]  met2:
  PAR:    1.28  Ratio:    0.00       (Area)
  PAR:    6.59  Ratio: 2771.60       (S.Area)
  CAR:   12.02  Ratio:    0.00       (C.Area)
  CAR:   62.95  Ratio:    0.00       (C.S.Area)

[1]  met1:
  PAR:   10.62  Ratio:    0.00       (Area)
  PAR:   56.22  Ratio:  400.00       (S.Area)
  CAR:   10.74  Ratio:    0.00       (C.Area)
  CAR:   56.36  Ratio:    0.00       (C.S.Area)

[1]  li1:
  PAR:    0.11  Ratio:    0.00       (Area)
  PAR:    0.13  Ratio:   75.00       (S.Area)
  CAR:    0.11  Ratio:    0.00       (C.Area)
  CAR:    0.13  Ratio:    0.00       (C.S.Area)

[1]  M1M2_PR:
  PAR:    0.36  Ratio:    6.00       (Area)
  CAR:    0.59  Ratio:    0.00       (C.Area)

[1]  L1M1_PR_MR:
  PAR:    0.23  Ratio:    3.00       (Area)
  CAR:    0.23  Ratio:    0.00       (C.Area)

  _09_  (sky130_fd_sc_hd__a211oi_4)  B1
[1]  met2:
  PAR:    1.28  Ratio:    0.00       (Area)
  PAR:    6.59  Ratio: 2771.60       (S.Area)
  CAR:    1.67  Ratio:    0.00       (C.Area)
  CAR:    8.70  Ratio:    0.00       (C.S.Area)

[1]  met1:
  PAR:    0.38  Ratio:    0.00       (Area)
  PAR:    2.11  Ratio:  400.00       (S.Area)
  CAR:    0.38  Ratio:    0.00       (C.Area)
  CAR:    2.11  Ratio:    0.00       (C.S.Area)

[1]  M1M2_PR:
  PAR:    0.02  Ratio:    6.00       (Area)
  CAR:    0.02  Ratio:    0.00       (C.Area)


Net - net1

Net - net2
  _07_  (sky130_fd_sc_hd__or2b_1)  B_N
[1]  met2:
  PAR:    2.39  Ratio:    0.00       (Area)
  PAR:   12.30  Ratio: 2736.24       (S.Area)
  CAR:   19.02  Ratio:    0.00       (C.Area)
  CAR:   95.77  Ratio:    0.00       (C.S.Area)

[1]  met1:
  PAR:   16.51  Ratio:    0.00       (Area)
  PAR:   83.33  Ratio:  400.00       (S.Area)
  CAR:   16.63  Ratio:    0.00       (C.Area)
  CAR:   83.47  Ratio:    0.00       (C.S.Area)

[1]  li1:
  PAR:    0.11  Ratio:    0.00       (Area)
  PAR:    0.13  Ratio:   75.00       (S.Area)
  CAR:    0.11  Ratio:    0.00       (C.Area)
  CAR:    0.13  Ratio:    0.00       (C.S.Area)

[1]  M1M2_PR:
  PAR:    0.18  Ratio:    6.00       (Area)
  CAR:    0.41  Ratio:    0.00       (C.Area)

[1]  L1M1_PR_MR:
  PAR:    0.23  Ratio:    3.00       (Area)
  CAR:    0.23  Ratio:    0.00       (C.Area)


Net - net3
  _07_  (sky130_fd_sc_hd__or2b_1)  A
[1]  met2:
  PAR:   27.70  Ratio:    0.00       (Area)
  PAR:  138.86  Ratio: 2736.24       (S.Area)
  CAR:   30.02  Ratio:    0.00       (C.Area)
  CAR:  150.77  Ratio:    0.00       (C.S.Area)

[1]  met1:
  PAR:    2.20  Ratio:    0.00       (Area)
  PAR:   11.78  Ratio:  400.00       (S.Area)
  CAR:    2.31  Ratio:    0.00       (C.Area)
  CAR:   11.91  Ratio:    0.00       (C.S.Area)

[1]  li1:
  PAR:    0.11  Ratio:    0.00       (Area)
  PAR:    0.13  Ratio:   75.00       (S.Area)
  CAR:    0.11  Ratio:    0.00       (C.Area)
  CAR:    0.13  Ratio:    0.00       (C.S.Area)

[1]  M1M2_PR:
  PAR:    0.18  Ratio:    6.00       (Area)
  CAR:    0.41  Ratio:    0.00       (C.Area)

[1]  L1M1_PR_MR:
  PAR:    0.23  Ratio:    3.00       (Area)
  CAR:    0.23  Ratio:    0.00       (C.Area)


Net - net4
  _09_  (sky130_fd_sc_hd__a211oi_4)  A1
[1]  met2:
  PAR:    2.47  Ratio:    0.00       (Area)
  PAR:   12.38  Ratio: 2736.24       (S.Area)
  CAR:    2.50  Ratio:    0.00       (C.Area)
  CAR:   12.50  Ratio:    0.00       (C.S.Area)

[1]  met1:
  PAR:    0.02  Ratio:    0.00       (Area)
  PAR:    0.10  Ratio:  400.00       (S.Area)
  CAR:    0.03  Ratio:    0.00       (C.Area)
  CAR:    0.12  Ratio:    0.00       (C.S.Area)

[1]  li1:
  PAR:    0.01  Ratio:    0.00       (Area)
  PAR:    0.02  Ratio:   75.00       (S.Area)
  CAR:    0.01  Ratio:    0.00       (C.Area)
  CAR:    0.02  Ratio:    0.00       (C.S.Area)

[1]  M1M2_PR:
  PAR:    0.02  Ratio:    6.00       (Area)
  CAR:    0.05  Ratio:    0.00       (C.Area)

[1]  L1M1_PR_MR:
  PAR:    0.03  Ratio:    3.00       (Area)
  CAR:    0.03  Ratio:    0.00       (C.Area)


Net - net5

Net - net6
  _08_  (sky130_fd_sc_hd__inv_2)  A
[1]  met2:
  PAR:    5.22  Ratio:    0.00       (Area)
  PAR:   26.21  Ratio: 2736.24       (S.Area)
  CAR:    5.29  Ratio:    0.00       (C.Area)
  CAR:   26.44  Ratio:    0.00       (C.S.Area)

[1]  met1:
  PAR:    0.04  Ratio:    0.00       (Area)
  PAR:    0.20  Ratio:  400.00       (S.Area)
  CAR:    0.07  Ratio:    0.00       (C.Area)
  CAR:    0.23  Ratio:    0.00       (C.S.Area)

[1]  li1:
  PAR:    0.03  Ratio:    0.00       (Area)
  PAR:    0.03  Ratio:   75.00       (S.Area)
  CAR:    0.03  Ratio:    0.00       (C.Area)
  CAR:    0.03  Ratio:    0.00       (C.S.Area)

[1]  M1M2_PR:
  PAR:    0.05  Ratio:    6.00       (Area)
  CAR:    0.10  Ratio:    0.00       (C.Area)

[1]  L1M1_PR_MR:
  PAR:    0.06  Ratio:    3.00       (Area)
  CAR:    0.06  Ratio:    0.00       (C.Area)


Net - net7

Net - net8

Net - net9
  _13_  (sky130_fd_sc_hd__o21a_1)  A1
[1]  met2:
  PAR:    6.57  Ratio:    0.00       (Area)
  PAR:   33.14  Ratio: 2771.60       (S.Area)
  CAR:    7.75  Ratio:    0.00       (C.Area)
  CAR:   39.21  Ratio:    0.00       (C.S.Area)

[1]  met1:
  PAR:    1.12  Ratio:    0.00       (Area)
  PAR:    6.00  Ratio:  400.00       (S.Area)
  CAR:    1.18  Ratio:    0.00       (C.Area)
  CAR:    6.06  Ratio:    0.00       (C.S.Area)

[1]  li1:
  PAR:    0.06  Ratio:    0.00       (Area)
  PAR:    0.07  Ratio:   75.00       (S.Area)
  CAR:    0.06  Ratio:    0.00       (C.Area)
  CAR:    0.07  Ratio:    0.00       (C.S.Area)

[1]  M1M2_PR:
  PAR:    0.09  Ratio:    6.00       (Area)
  CAR:    0.21  Ratio:    0.00       (C.Area)

[1]  L1M1_PR_MR:
  PAR:    0.12  Ratio:    3.00       (Area)
  CAR:    0.12  Ratio:    0.00       (C.Area)

  output9  (sky130_fd_sc_hd__clkbuf_2)  A
[1]  met2:
  PAR:    6.57  Ratio:    0.00       (Area)
  PAR:   33.14  Ratio: 2771.60       (S.Area)
  CAR:   10.66  Ratio:    0.00       (C.Area)
  CAR:   53.80  Ratio:    0.00       (C.S.Area)

[1]  met1:
  PAR:    4.02  Ratio:    0.00       (Area)
  PAR:   20.57  Ratio:  400.00       (S.Area)
  CAR:    4.09  Ratio:    0.00       (C.Area)
  CAR:   20.65  Ratio:    0.00       (C.S.Area)

[1]  li1:
  PAR:    0.07  Ratio:    0.00       (Area)
  PAR:    0.08  Ratio:   75.00       (S.Area)
  CAR:    0.07  Ratio:    0.00       (C.Area)
  CAR:    0.08  Ratio:    0.00       (C.S.Area)

[1]  M1M2_PR:
  PAR:    0.11  Ratio:    6.00       (Area)
  CAR:    0.24  Ratio:    0.00       (C.Area)

[1]  L1M1_PR_MR:
  PAR:    0.14  Ratio:    3.00       (Area)
  CAR:    0.14  Ratio:    0.00       (C.Area)

Number of pins violated: 0
Number of nets violated: 0
Total number of unspecial nets: 28
