Warning - class CORE ANTENNACELL is not found. This msg can be ignored if not in the antenna-avoid flow

Net - clk
  _22_  (sky130_fd_sc_hd__dfxtp_1)  CLK
[1]  met2:
  PAR:    8.43  Ratio:    0.00       (Area)
  PAR:   43.16  Ratio:  400.00       (S.Area)
  CAR:   10.73  Ratio:    0.00       (C.Area)
  CAR:   56.17  Ratio:    0.00       (C.S.Area)

[1]  met1:
  PAR:    1.28  Ratio:    0.00       (Area)
  PAR:    7.00  Ratio:  400.00       (S.Area)
  CAR:    1.37  Ratio:    0.00       (C.Area)
  CAR:    7.11  Ratio:    0.00       (C.S.Area)

[1]  li1:
  PAR:    0.09  Ratio:    0.00       (Area)
  PAR:    0.11  Ratio:   75.00       (S.Area)
  CAR:    0.09  Ratio:    0.00       (C.Area)
  CAR:    0.11  Ratio:    0.00       (C.S.Area)

[1]  M1M2_PR:
  PAR:    0.07  Ratio:    6.00       (Area)
  CAR:    0.25  Ratio:    0.00       (C.Area)

[1]  L1M1_PR_MR:
  PAR:    0.18  Ratio:    3.00       (Area)
  CAR:    0.18  Ratio:    0.00       (C.Area)

  _24_  (sky130_fd_sc_hd__dfxtp_1)  CLK
[1]  met2:
  PAR:    8.43  Ratio:    0.00       (Area)
  PAR:   43.16  Ratio:  400.00       (S.Area)
  CAR:   10.73  Ratio:    0.00       (C.Area)
  CAR:   56.17  Ratio:    0.00       (C.S.Area)

[1]  met1:
  PAR:    1.28  Ratio:    0.00       (Area)
  PAR:    7.00  Ratio:  400.00       (S.Area)
  CAR:    1.37  Ratio:    0.00       (C.Area)
  CAR:    7.11  Ratio:    0.00       (C.S.Area)

[1]  li1:
  PAR:    0.09  Ratio:    0.00       (Area)
  PAR:    0.11  Ratio:   75.00       (S.Area)
  CAR:    0.09  Ratio:    0.00       (C.Area)
  CAR:    0.11  Ratio:    0.00       (C.S.Area)

[1]  M1M2_PR:
  PAR:    0.07  Ratio:    6.00       (Area)
  CAR:    0.25  Ratio:    0.00       (C.Area)

[1]  L1M1_PR_MR:
  PAR:    0.18  Ratio:    3.00       (Area)
  CAR:    0.18  Ratio:    0.00       (C.Area)

  _23_  (sky130_fd_sc_hd__dfxtp_2)  CLK
[1]  met2:
  PAR:    8.43  Ratio:    0.00       (Area)
  PAR:   43.16  Ratio:  400.00       (S.Area)
  CAR:    9.45  Ratio:    0.00       (C.Area)
  CAR:   49.17  Ratio:    0.00       (C.S.Area)

[1]  met1:
  PAR:    0.93  Ratio:    0.00       (Area)
  PAR:    5.90  Ratio:  400.00       (S.Area)
  CAR:    1.02  Ratio:    0.00       (C.Area)
  CAR:    6.01  Ratio:    0.00       (C.S.Area)

[1]  li1:
  PAR:    0.09  Ratio:    0.00       (Area)
  PAR:    0.11  Ratio:   75.00       (S.Area)
  CAR:    0.09  Ratio:    0.00       (C.Area)
  CAR:    0.11  Ratio:    0.00       (C.S.Area)

[1]  M1M2_PR:
  PAR:    0.28  Ratio:    6.00       (Area)
  CAR:    0.46  Ratio:    0.00       (C.Area)

[1]  L1M1_PR_MR:
  PAR:    0.18  Ratio:    3.00       (Area)
  CAR:    0.18  Ratio:    0.00       (C.Area)


Net - l_sense
  input1  (sky130_fd_sc_hd__buf_1)  A
[1]  met2:
  PAR:    6.76  Ratio:    0.00       (Area)
  PAR:   34.31  Ratio:  400.00       (S.Area)
  CAR:    8.90  Ratio:    0.00       (C.Area)
  CAR:   45.22  Ratio:    0.00       (C.S.Area)

[1]  met1:
  PAR:    2.07  Ratio:    0.00       (Area)
  PAR:   10.83  Ratio:  400.00       (S.Area)
  CAR:    2.14  Ratio:    0.00       (C.Area)
  CAR:   10.92  Ratio:    0.00       (C.S.Area)

[1]  li1:
  PAR:    0.07  Ratio:    0.00       (Area)
  PAR:    0.09  Ratio:   75.00       (S.Area)
  CAR:    0.07  Ratio:    0.00       (C.Area)
  CAR:    0.09  Ratio:    0.00       (C.S.Area)

[1]  M1M2_PR:
  PAR:    0.11  Ratio:    6.00       (Area)
  CAR:    0.26  Ratio:    0.00       (C.Area)

[1]  L1M1_PR_MR:
  PAR:    0.15  Ratio:    3.00       (Area)
  CAR:    0.15  Ratio:    0.00       (C.Area)


Net - l_thresh[0]
  input2  (sky130_fd_sc_hd__clkbuf_1)  A
[1]  met2:
  PAR:    6.76  Ratio:    0.00       (Area)
  PAR:   34.31  Ratio:  400.00       (S.Area)
  CAR:    6.93  Ratio:    0.00       (C.Area)
  CAR:   34.89  Ratio:    0.00       (C.S.Area)

[1]  met1:
  PAR:    0.10  Ratio:    0.00       (Area)
  PAR:    0.50  Ratio:  400.00       (S.Area)
  CAR:    0.17  Ratio:    0.00       (C.Area)
  CAR:    0.59  Ratio:    0.00       (C.S.Area)

[1]  li1:
  PAR:    0.07  Ratio:    0.00       (Area)
  PAR:    0.09  Ratio:   75.00       (S.Area)
  CAR:    0.07  Ratio:    0.00       (C.Area)
  CAR:    0.09  Ratio:    0.00       (C.S.Area)

[1]  M1M2_PR:
  PAR:    0.11  Ratio:    6.00       (Area)
  CAR:    0.26  Ratio:    0.00       (C.Area)

[1]  L1M1_PR_MR:
  PAR:    0.15  Ratio:    3.00       (Area)
  CAR:    0.15  Ratio:    0.00       (C.Area)


Net - l_thresh[1]
  input3  (sky130_fd_sc_hd__clkbuf_1)  A
[1]  met2:
  PAR:    6.28  Ratio:    0.00       (Area)
  PAR:   31.88  Ratio:  400.00       (S.Area)
  CAR:    9.73  Ratio:    0.00       (C.Area)
  CAR:   49.35  Ratio:    0.00       (C.S.Area)

[1]  met1:
  PAR:    3.38  Ratio:    0.00       (Area)
  PAR:   17.38  Ratio:  400.00       (S.Area)
  CAR:    3.45  Ratio:    0.00       (C.Area)
  CAR:   17.47  Ratio:    0.00       (C.S.Area)

[1]  li1:
  PAR:    0.07  Ratio:    0.00       (Area)
  PAR:    0.09  Ratio:   75.00       (S.Area)
  CAR:    0.07  Ratio:    0.00       (C.Area)
  CAR:    0.09  Ratio:    0.00       (C.S.Area)

[1]  M1M2_PR:
  PAR:    0.11  Ratio:    6.00       (Area)
  CAR:    0.26  Ratio:    0.00       (C.Area)

[1]  L1M1_PR_MR:
  PAR:    0.15  Ratio:    3.00       (Area)
  CAR:    0.15  Ratio:    0.00       (C.Area)


Net - m_sense
  input4  (sky130_fd_sc_hd__clkbuf_1)  A
[1]  met2:
  PAR:    8.46  Ratio:    0.00       (Area)
  PAR:   42.78  Ratio:  400.00       (S.Area)
  CAR:   12.24  Ratio:    0.00       (C.Area)
  CAR:   61.89  Ratio:    0.00       (C.S.Area)

[1]  met1:
  PAR:    3.70  Ratio:    0.00       (Area)
  PAR:   19.02  Ratio:  400.00       (S.Area)
  CAR:    3.78  Ratio:    0.00       (C.Area)
  CAR:   19.11  Ratio:    0.00       (C.S.Area)

[1]  li1:
  PAR:    0.07  Ratio:    0.00       (Area)
  PAR:    0.09  Ratio:   75.00       (S.Area)
  CAR:    0.07  Ratio:    0.00       (C.Area)
  CAR:    0.09  Ratio:    0.00       (C.S.Area)

[1]  M1M2_PR:
  PAR:    0.11  Ratio:    6.00       (Area)
  CAR:    0.26  Ratio:    0.00       (C.Area)

[1]  L1M1_PR_MR:
  PAR:    0.15  Ratio:    3.00       (Area)
  CAR:    0.15  Ratio:    0.00       (C.Area)


Net - m_thresh_1
  input5  (sky130_fd_sc_hd__buf_1)  A
[1]  met3:
  PAR:    6.30  Ratio:    0.00       (Area)
  PAR:   36.00  Ratio:  400.00       (S.Area)
  CAR:    6.98  Ratio:    0.00       (C.Area)
  CAR:   39.65  Ratio:    0.00       (C.S.Area)

[1]  met2:
  PAR:    0.51  Ratio:    0.00       (Area)
  PAR:    3.06  Ratio:  400.00       (S.Area)
  CAR:    0.69  Ratio:    0.00       (C.Area)
  CAR:    3.65  Ratio:    0.00       (C.S.Area)

[1]  met1:
  PAR:    0.10  Ratio:    0.00       (Area)
  PAR:    0.50  Ratio:  400.00       (S.Area)
  CAR:    0.17  Ratio:    0.00       (C.Area)
  CAR:    0.59  Ratio:    0.00       (C.S.Area)

[1]  li1:
  PAR:    0.07  Ratio:    0.00       (Area)
  PAR:    0.09  Ratio:   75.00       (S.Area)
  CAR:    0.07  Ratio:    0.00       (C.Area)
  CAR:    0.09  Ratio:    0.00       (C.S.Area)

[1]  via2_FR:
  PAR:    0.20  Ratio:    6.00       (Area)
  CAR:    0.47  Ratio:    0.00       (C.Area)

[1]  M1M2_PR:
  PAR:    0.11  Ratio:    6.00       (Area)
  CAR:    0.26  Ratio:    0.00       (C.Area)

[1]  L1M1_PR_MR:
  PAR:    0.15  Ratio:    3.00       (Area)
  CAR:    0.15  Ratio:    0.00       (C.Area)


Net - m_thresh_2
  input6  (sky130_fd_sc_hd__clkbuf_1)  A
[1]  met3:
  PAR:    6.30  Ratio:    0.00       (Area)
  PAR:   36.00  Ratio:  400.00       (S.Area)
  CAR:    7.47  Ratio:    0.00       (C.Area)
  CAR:   42.07  Ratio:    0.00       (C.S.Area)

[1]  met2:
  PAR:    1.00  Ratio:    0.00       (Area)
  PAR:    5.49  Ratio:  400.00       (S.Area)
  CAR:    1.17  Ratio:    0.00       (C.Area)
  CAR:    6.07  Ratio:    0.00       (C.S.Area)

[1]  met1:
  PAR:    0.10  Ratio:    0.00       (Area)
  PAR:    0.50  Ratio:  400.00       (S.Area)
  CAR:    0.17  Ratio:    0.00       (C.Area)
  CAR:    0.59  Ratio:    0.00       (C.S.Area)

[1]  li1:
  PAR:    0.07  Ratio:    0.00       (Area)
  PAR:    0.09  Ratio:   75.00       (S.Area)
  CAR:    0.07  Ratio:    0.00       (C.Area)
  CAR:    0.09  Ratio:    0.00       (C.S.Area)

[1]  via2_FR:
  PAR:    0.20  Ratio:    6.00       (Area)
  CAR:    0.47  Ratio:    0.00       (C.Area)

[1]  M1M2_PR:
  PAR:    0.11  Ratio:    6.00       (Area)
  CAR:    0.26  Ratio:    0.00       (C.Area)

[1]  L1M1_PR_MR:
  PAR:    0.15  Ratio:    3.00       (Area)
  CAR:    0.15  Ratio:    0.00       (C.Area)


Net - water_time_long
  input7  (sky130_fd_sc_hd__buf_1)  A
[1]  met2:
  PAR:   10.48  Ratio:    0.00       (Area)
  PAR:   53.90  Ratio:  400.00       (S.Area)
  CAR:   11.31  Ratio:    0.00       (C.Area)
  CAR:   58.26  Ratio:    0.00       (C.S.Area)

[1]  met1:
  PAR:    0.76  Ratio:    0.00       (Area)
  PAR:    4.27  Ratio:  400.00       (S.Area)
  CAR:    0.83  Ratio:    0.00       (C.Area)
  CAR:    4.36  Ratio:    0.00       (C.S.Area)

[1]  li1:
  PAR:    0.07  Ratio:    0.00       (Area)
  PAR:    0.09  Ratio:   75.00       (S.Area)
  CAR:    0.07  Ratio:    0.00       (C.Area)
  CAR:    0.09  Ratio:    0.00       (C.S.Area)

[1]  M1M2_PR:
  PAR:    0.11  Ratio:    6.00       (Area)
  CAR:    0.26  Ratio:    0.00       (C.Area)

[1]  L1M1_PR_MR:
  PAR:    0.15  Ratio:    3.00       (Area)
  CAR:    0.15  Ratio:    0.00       (C.Area)


Net - water_time_short
  input8  (sky130_fd_sc_hd__buf_1)  A
[1]  met3:
  PAR:   13.32  Ratio:    0.00       (Area)
  PAR:   73.46  Ratio:  400.00       (S.Area)
  CAR:   15.23  Ratio:    0.00       (C.Area)
  CAR:   83.73  Ratio:    0.00       (C.S.Area)

[1]  met2:
  PAR:    0.76  Ratio:    0.00       (Area)
  PAR:    4.27  Ratio:  400.00       (S.Area)
  CAR:    1.91  Ratio:    0.00       (C.Area)
  CAR:   10.27  Ratio:    0.00       (C.S.Area)

[1]  met1:
  PAR:    1.08  Ratio:    0.00       (Area)
  PAR:    5.91  Ratio:  400.00       (S.Area)
  CAR:    1.16  Ratio:    0.00       (C.Area)
  CAR:    6.00  Ratio:    0.00       (C.S.Area)

[1]  li1:
  PAR:    0.07  Ratio:    0.00       (Area)
  PAR:    0.09  Ratio:   75.00       (S.Area)
  CAR:    0.07  Ratio:    0.00       (C.Area)
  CAR:    0.09  Ratio:    0.00       (C.S.Area)

[1]  via2_FR:
  PAR:    0.20  Ratio:    6.00       (Area)
  CAR:    0.47  Ratio:    0.00       (C.Area)

[1]  M1M2_PR:
  PAR:    0.11  Ratio:    6.00       (Area)
  CAR:    0.26  Ratio:    0.00       (C.Area)

[1]  L1M1_PR_MR:
  PAR:    0.15  Ratio:    3.00       (Area)
  CAR:    0.15  Ratio:    0.00       (C.Area)


Net - water_toggle
  No sinks on this net

Net - _00_
  _22_  (sky130_fd_sc_hd__dfxtp_1)  D
[1]  met2:
  PAR:   17.13  Ratio:    0.00       (Area)
  PAR:   85.97  Ratio: 2779.60       (S.Area)
  CAR:   17.45  Ratio:    0.00       (C.Area)
  CAR:   87.91  Ratio:    0.00       (C.S.Area)

[1]  met1:
  PAR:    0.21  Ratio:    0.00       (Area)
  PAR:    1.81  Ratio:  400.00       (S.Area)
  CAR:    0.32  Ratio:    0.00       (C.Area)
  CAR:    1.94  Ratio:    0.00       (C.S.Area)

[1]  li1:
  PAR:    0.11  Ratio:    0.00       (Area)
  PAR:    0.13  Ratio:   75.00       (S.Area)
  CAR:    0.11  Ratio:    0.00       (C.Area)
  CAR:    0.13  Ratio:    0.00       (C.S.Area)

[1]  M1M2_PR:
  PAR:    0.18  Ratio:    6.00       (Area)
  CAR:    0.41  Ratio:    0.00       (C.Area)

[1]  L1M1_PR_MR:
  PAR:    0.23  Ratio:    3.00       (Area)
  CAR:    0.23  Ratio:    0.00       (C.Area)


Net - _01_
  _23_  (sky130_fd_sc_hd__dfxtp_2)  D
[1]  met2:
  PAR:   12.97  Ratio:    0.00       (Area)
  PAR:   65.19  Ratio: 2784.80       (S.Area)
  CAR:   20.22  Ratio:    0.00       (C.Area)
  CAR:  101.80  Ratio:    0.00       (C.S.Area)

[1]  met1:
  PAR:    7.14  Ratio:    0.00       (Area)
  PAR:   36.47  Ratio:  400.00       (S.Area)
  CAR:    7.25  Ratio:    0.00       (C.Area)
  CAR:   36.61  Ratio:    0.00       (C.S.Area)

[1]  li1:
  PAR:    0.11  Ratio:    0.00       (Area)
  PAR:    0.13  Ratio:   75.00       (S.Area)
  CAR:    0.11  Ratio:    0.00       (C.Area)
  CAR:    0.13  Ratio:    0.00       (C.S.Area)

[1]  M1M2_PR:
  PAR:    0.18  Ratio:    6.00       (Area)
  CAR:    0.41  Ratio:    0.00       (C.Area)

[1]  L1M1_PR_MR:
  PAR:    0.23  Ratio:    3.00       (Area)
  CAR:    0.23  Ratio:    0.00       (C.Area)


Net - _02_
  _24_  (sky130_fd_sc_hd__dfxtp_1)  D
[1]  met2:
  PAR:    5.04  Ratio:    0.00       (Area)
  PAR:   25.52  Ratio: 2774.90       (S.Area)
  CAR:    8.42  Ratio:    0.00       (C.Area)
  CAR:   42.80  Ratio:    0.00       (C.S.Area)

[1]  met1:
  PAR:    3.27  Ratio:    0.00       (Area)
  PAR:   17.14  Ratio:  400.00       (S.Area)
  CAR:    3.39  Ratio:    0.00       (C.Area)
  CAR:   17.27  Ratio:    0.00       (C.S.Area)

[1]  li1:
  PAR:    0.11  Ratio:    0.00       (Area)
  PAR:    0.13  Ratio:   75.00       (S.Area)
  CAR:    0.11  Ratio:    0.00       (C.Area)
  CAR:    0.13  Ratio:    0.00       (C.S.Area)

[1]  M1M2_PR:
  PAR:    0.18  Ratio:    6.00       (Area)
  CAR:    0.41  Ratio:    0.00       (C.Area)

[1]  L1M1_PR_MR:
  PAR:    0.23  Ratio:    3.00       (Area)
  CAR:    0.23  Ratio:    0.00       (C.Area)


Net - _03_
  _17_  (sky130_fd_sc_hd__nor2_4)  A
[1]  met2:
  PAR:    3.14  Ratio:    0.00       (Area)
  PAR:   15.84  Ratio: 2778.20       (S.Area)
  CAR:    3.24  Ratio:    0.00       (C.Area)
  CAR:   16.38  Ratio:    0.00       (C.S.Area)

[1]  met1:
  PAR:    0.08  Ratio:    0.00       (Area)
  PAR:    0.52  Ratio:  400.00       (S.Area)
  CAR:    0.10  Ratio:    0.00       (C.Area)
  CAR:    0.54  Ratio:    0.00       (C.S.Area)

[1]  li1:
  PAR:    0.01  Ratio:    0.00       (Area)
  PAR:    0.02  Ratio:   75.00       (S.Area)
  CAR:    0.01  Ratio:    0.00       (C.Area)
  CAR:    0.02  Ratio:    0.00       (C.S.Area)

[1]  M1M2_PR:
  PAR:    0.02  Ratio:    6.00       (Area)
  CAR:    0.05  Ratio:    0.00       (C.Area)

[1]  L1M1_PR_MR:
  PAR:    0.03  Ratio:    3.00       (Area)
  CAR:    0.03  Ratio:    0.00       (C.Area)

  _16_  (sky130_fd_sc_hd__o211a_1)  A1
[1]  met2:
  PAR:    3.14  Ratio:    0.00       (Area)
  PAR:   15.84  Ratio: 2778.20       (S.Area)
  CAR:    7.71  Ratio:    0.00       (C.Area)
  CAR:   38.81  Ratio:    0.00       (C.S.Area)

[1]  met1:
  PAR:    4.50  Ratio:    0.00       (Area)
  PAR:   22.91  Ratio:  400.00       (S.Area)
  CAR:    4.56  Ratio:    0.00       (C.Area)
  CAR:   22.98  Ratio:    0.00       (C.S.Area)

[1]  li1:
  PAR:    0.06  Ratio:    0.00       (Area)
  PAR:    0.07  Ratio:   75.00       (S.Area)
  CAR:    0.06  Ratio:    0.00       (C.Area)
  CAR:    0.07  Ratio:    0.00       (C.S.Area)

[1]  M1M2_PR:
  PAR:    0.09  Ratio:    6.00       (Area)
  CAR:    0.21  Ratio:    0.00       (C.Area)

[1]  L1M1_PR_MR:
  PAR:    0.12  Ratio:    3.00       (Area)
  CAR:    0.12  Ratio:    0.00       (C.Area)


Net - _04_
  _16_  (sky130_fd_sc_hd__o211a_1)  B1
[1]  met2:
  PAR:   10.83  Ratio:    0.00       (Area)
  PAR:   54.34  Ratio: 2778.20       (S.Area)
  CAR:   13.25  Ratio:    0.00       (C.Area)
  CAR:   66.97  Ratio:    0.00       (C.S.Area)

[1]  met1:
  PAR:    2.35  Ratio:    0.00       (Area)
  PAR:   12.56  Ratio:  400.00       (S.Area)
  CAR:    2.41  Ratio:    0.00       (C.Area)
  CAR:   12.63  Ratio:    0.00       (C.S.Area)

[1]  li1:
  PAR:    0.06  Ratio:    0.00       (Area)
  PAR:    0.07  Ratio:   75.00       (S.Area)
  CAR:    0.06  Ratio:    0.00       (C.Area)
  CAR:    0.07  Ratio:    0.00       (C.S.Area)

[1]  M1M2_PR:
  PAR:    0.09  Ratio:    6.00       (Area)
  CAR:    0.21  Ratio:    0.00       (C.Area)

[1]  L1M1_PR_MR:
  PAR:    0.12  Ratio:    3.00       (Area)
  CAR:    0.12  Ratio:    0.00       (C.Area)


Net - _05_
  _14_  (sky130_fd_sc_hd__or2b_1)  B_N
[1]  met2:
  PAR:    5.93  Ratio:    0.00       (Area)
  PAR:   30.03  Ratio: 2956.40       (S.Area)
  CAR:   11.31  Ratio:    0.00       (C.Area)
  CAR:   57.28  Ratio:    0.00       (C.S.Area)

[1]  met1:
  PAR:    5.27  Ratio:    0.00       (Area)
  PAR:   27.11  Ratio:  400.00       (S.Area)
  CAR:    5.38  Ratio:    0.00       (C.Area)
  CAR:   27.25  Ratio:    0.00       (C.S.Area)

[1]  li1:
  PAR:    0.11  Ratio:    0.00       (Area)
  PAR:    0.13  Ratio:   75.00       (S.Area)
  CAR:    0.11  Ratio:    0.00       (C.Area)
  CAR:    0.13  Ratio:    0.00       (C.S.Area)

[1]  M1M2_PR:
  PAR:    0.18  Ratio:    6.00       (Area)
  CAR:    0.41  Ratio:    0.00       (C.Area)

[1]  L1M1_PR_MR:
  PAR:    0.23  Ratio:    3.00       (Area)
  CAR:    0.23  Ratio:    0.00       (C.Area)

  _21_  (sky130_fd_sc_hd__a211o_1)  A2
[1]  met2:
  PAR:    5.93  Ratio:    0.00       (Area)
  PAR:   30.03  Ratio: 2956.40       (S.Area)
  CAR:    8.67  Ratio:    0.00       (C.Area)
  CAR:   43.90  Ratio:    0.00       (C.S.Area)

[1]  met1:
  PAR:    2.68  Ratio:    0.00       (Area)
  PAR:   13.80  Ratio:  400.00       (S.Area)
  CAR:    2.74  Ratio:    0.00       (C.Area)
  CAR:   13.87  Ratio:    0.00       (C.S.Area)

[1]  li1:
  PAR:    0.06  Ratio:    0.00       (Area)
  PAR:    0.07  Ratio:   75.00       (S.Area)
  CAR:    0.06  Ratio:    0.00       (C.Area)
  CAR:    0.07  Ratio:    0.00       (C.S.Area)

[1]  M1M2_PR:
  PAR:    0.09  Ratio:    6.00       (Area)
  CAR:    0.21  Ratio:    0.00       (C.Area)

[1]  L1M1_PR_MR:
  PAR:    0.12  Ratio:    3.00       (Area)
  CAR:    0.12  Ratio:    0.00       (C.Area)


Net - _06_
  _20_  (sky130_fd_sc_hd__o21a_1)  B1
[1]  met2:
  PAR:    4.30  Ratio:    0.00       (Area)
  PAR:   21.96  Ratio: 2778.20       (S.Area)
  CAR:    4.96  Ratio:    0.00       (C.Area)
  CAR:   25.42  Ratio:    0.00       (C.S.Area)

[1]  met1:
  PAR:    0.60  Ratio:    0.00       (Area)
  PAR:    3.39  Ratio:  400.00       (S.Area)
  CAR:    0.66  Ratio:    0.00       (C.Area)
  CAR:    3.46  Ratio:    0.00       (C.S.Area)

[1]  li1:
  PAR:    0.06  Ratio:    0.00       (Area)
  PAR:    0.07  Ratio:   75.00       (S.Area)
  CAR:    0.06  Ratio:    0.00       (C.Area)
  CAR:    0.07  Ratio:    0.00       (C.S.Area)

[1]  M1M2_PR:
  PAR:    0.09  Ratio:    6.00       (Area)
  CAR:    0.21  Ratio:    0.00       (C.Area)

[1]  L1M1_PR_MR:
  PAR:    0.12  Ratio:    3.00       (Area)
  CAR:    0.12  Ratio:    0.00       (C.Area)

  _15_  (sky130_fd_sc_hd__inv_2)  A
[1]  met2:
  PAR:    4.30  Ratio:    0.00       (Area)
  PAR:   21.96  Ratio: 2778.20       (S.Area)
  CAR:    4.50  Ratio:    0.00       (C.Area)
  CAR:   23.04  Ratio:    0.00       (C.S.Area)

[1]  met1:
  PAR:    0.17  Ratio:    0.00       (Area)
  PAR:    1.05  Ratio:  400.00       (S.Area)
  CAR:    0.20  Ratio:    0.00       (C.Area)
  CAR:    1.08  Ratio:    0.00       (C.S.Area)

[1]  li1:
  PAR:    0.03  Ratio:    0.00       (Area)
  PAR:    0.03  Ratio:   75.00       (S.Area)
  CAR:    0.03  Ratio:    0.00       (C.Area)
  CAR:    0.03  Ratio:    0.00       (C.S.Area)

[1]  M1M2_PR:
  PAR:    0.05  Ratio:    6.00       (Area)
  CAR:    0.10  Ratio:    0.00       (C.Area)

[1]  L1M1_PR_MR:
  PAR:    0.06  Ratio:    3.00       (Area)
  CAR:    0.06  Ratio:    0.00       (C.Area)


Net - _07_
  _16_  (sky130_fd_sc_hd__o211a_1)  C1
[1]  met2:
  PAR:    1.27  Ratio:    0.00       (Area)
  PAR:    6.45  Ratio: 2778.20       (S.Area)
  CAR:    1.67  Ratio:    0.00       (C.Area)
  CAR:    8.61  Ratio:    0.00       (C.S.Area)

[1]  met1:
  PAR:    0.34  Ratio:    0.00       (Area)
  PAR:    2.09  Ratio:  400.00       (S.Area)
  CAR:    0.40  Ratio:    0.00       (C.Area)
  CAR:    2.16  Ratio:    0.00       (C.S.Area)

[1]  li1:
  PAR:    0.06  Ratio:    0.00       (Area)
  PAR:    0.07  Ratio:   75.00       (S.Area)
  CAR:    0.06  Ratio:    0.00       (C.Area)
  CAR:    0.07  Ratio:    0.00       (C.S.Area)

[1]  M1M2_PR:
  PAR:    0.09  Ratio:    6.00       (Area)
  CAR:    0.21  Ratio:    0.00       (C.Area)

[1]  L1M1_PR_MR:
  PAR:    0.12  Ratio:    3.00       (Area)
  CAR:    0.12  Ratio:    0.00       (C.Area)

  _18_  (sky130_fd_sc_hd__nor3_4)  C
[1]  met1:
  PAR:    0.02  Ratio:    0.00       (Area)
  PAR:    0.10  Ratio:  400.00       (S.Area)
  CAR:    0.03  Ratio:    0.00       (C.Area)
  CAR:    0.12  Ratio:    0.00       (C.S.Area)

[1]  li1:
  PAR:    0.01  Ratio:    0.00       (Area)
  PAR:    0.02  Ratio:   75.00       (S.Area)
  CAR:    0.01  Ratio:    0.00       (C.Area)
  CAR:    0.02  Ratio:    0.00       (C.S.Area)

[1]  M1M2_PR:
  PAR:    0.02  Ratio:    6.00       (Area)
  CAR:    0.05  Ratio:    0.00       (C.Area)

[1]  L1M1_PR_MR:
  PAR:    0.03  Ratio:    3.00       (Area)
  CAR:    0.03  Ratio:    0.00       (C.Area)


Net - _08_
  _19_  (sky130_fd_sc_hd__or3_1)  B
[1]  met2:
  PAR:    8.73  Ratio:    0.00       (Area)
  PAR:   44.05  Ratio: 2771.60       (S.Area)
  CAR:   10.54  Ratio:    0.00       (C.Area)
  CAR:   53.41  Ratio:    0.00       (C.S.Area)

[1]  met1:
  PAR:    1.69  Ratio:    0.00       (Area)
  PAR:    9.22  Ratio:  400.00       (S.Area)
  CAR:    1.80  Ratio:    0.00       (C.Area)
  CAR:    9.36  Ratio:    0.00       (C.S.Area)

[1]  li1:
  PAR:    0.11  Ratio:    0.00       (Area)
  PAR:    0.13  Ratio:   75.00       (S.Area)
  CAR:    0.11  Ratio:    0.00       (C.Area)
  CAR:    0.13  Ratio:    0.00       (C.S.Area)

[1]  M1M2_PR:
  PAR:    0.18  Ratio:    6.00       (Area)
  CAR:    0.41  Ratio:    0.00       (C.Area)

[1]  L1M1_PR_MR:
  PAR:    0.23  Ratio:    3.00       (Area)
  CAR:    0.23  Ratio:    0.00       (C.Area)

  _21_  (sky130_fd_sc_hd__a211o_1)  B1
[1]  met2:
  PAR:    8.73  Ratio:    0.00       (Area)
  PAR:   44.05  Ratio: 2771.60       (S.Area)
  CAR:   10.11  Ratio:    0.00       (C.Area)
  CAR:   51.47  Ratio:    0.00       (C.S.Area)

[1]  met1:
  PAR:    1.31  Ratio:    0.00       (Area)
  PAR:    7.35  Ratio:  400.00       (S.Area)
  CAR:    1.37  Ratio:    0.00       (C.Area)
  CAR:    7.42  Ratio:    0.00       (C.S.Area)

[1]  li1:
  PAR:    0.06  Ratio:    0.00       (Area)
  PAR:    0.07  Ratio:   75.00       (S.Area)
  CAR:    0.06  Ratio:    0.00       (C.Area)
  CAR:    0.07  Ratio:    0.00       (C.S.Area)

[1]  M1M2_PR:
  PAR:    0.09  Ratio:    6.00       (Area)
  CAR:    0.21  Ratio:    0.00       (C.Area)

[1]  L1M1_PR_MR:
  PAR:    0.12  Ratio:    3.00       (Area)
  CAR:    0.12  Ratio:    0.00       (C.Area)


Net - _09_
  _18_  (sky130_fd_sc_hd__nor3_4)  B
[1]  met2:
  PAR:    1.75  Ratio:    0.00       (Area)
  PAR:    8.87  Ratio: 3096.80       (S.Area)
  CAR:    6.70  Ratio:    0.00       (C.Area)
  CAR:   34.36  Ratio:    0.00       (C.S.Area)

[1]  met1:
  PAR:    0.02  Ratio:    0.00       (Area)
  PAR:    0.10  Ratio:  400.00       (S.Area)
  CAR:    0.03  Ratio:    0.00       (C.Area)
  CAR:    0.12  Ratio:    0.00       (C.S.Area)

[1]  li1:
  PAR:    0.01  Ratio:    0.00       (Area)
  PAR:    0.02  Ratio:   75.00       (S.Area)
  CAR:    0.01  Ratio:    0.00       (C.Area)
  CAR:    0.02  Ratio:    0.00       (C.S.Area)

[1]  M1M2_PR:
  PAR:    0.02  Ratio:    6.00       (Area)
  CAR:    0.05  Ratio:    0.00       (C.Area)

[1]  L1M1_PR_MR:
  PAR:    0.03  Ratio:    3.00       (Area)
  CAR:    0.03  Ratio:    0.00       (C.Area)

  _20_  (sky130_fd_sc_hd__o21a_1)  A2
[1]  met2:
  PAR:    1.75  Ratio:    0.00       (Area)
  PAR:    8.87  Ratio: 3096.80       (S.Area)
  CAR:    6.73  Ratio:    0.00       (C.Area)
  CAR:   34.31  Ratio:    0.00       (C.S.Area)

[1]  met1:
  PAR:    4.92  Ratio:    0.00       (Area)
  PAR:   25.37  Ratio:  400.00       (S.Area)
  CAR:    4.97  Ratio:    0.00       (C.Area)
  CAR:   25.44  Ratio:    0.00       (C.S.Area)

[1]  li1:
  PAR:    0.06  Ratio:    0.00       (Area)
  PAR:    0.07  Ratio:   75.00       (S.Area)
  CAR:    0.06  Ratio:    0.00       (C.Area)
  CAR:    0.07  Ratio:    0.00       (C.S.Area)

[1]  M1M2_PR:
  PAR:    0.18  Ratio:    6.00       (Area)
  CAR:    0.30  Ratio:    0.00       (C.Area)

[1]  L1M1_PR_MR:
  PAR:    0.12  Ratio:    3.00       (Area)
  CAR:    0.12  Ratio:    0.00       (C.Area)


Net - _10_
  _21_  (sky130_fd_sc_hd__a211o_1)  C1
[1]  met2:
  PAR:    4.81  Ratio:    0.00       (Area)
  PAR:   24.43  Ratio: 3237.20       (S.Area)
  CAR:    8.19  Ratio:    0.00       (C.Area)
  CAR:   42.32  Ratio:    0.00       (C.S.Area)

[1]  met1:
  PAR:    3.33  Ratio:    0.00       (Area)
  PAR:   17.82  Ratio:  400.00       (S.Area)
  CAR:    3.38  Ratio:    0.00       (C.Area)
  CAR:   17.89  Ratio:    0.00       (C.S.Area)

[1]  li1:
  PAR:    0.06  Ratio:    0.00       (Area)
  PAR:    0.07  Ratio:   75.00       (S.Area)
  CAR:    0.06  Ratio:    0.00       (C.Area)
  CAR:    0.07  Ratio:    0.00       (C.S.Area)

[1]  M1M2_PR:
  PAR:    0.18  Ratio:    6.00       (Area)
  CAR:    0.30  Ratio:    0.00       (C.Area)

[1]  L1M1_PR_MR:
  PAR:    0.12  Ratio:    3.00       (Area)
  CAR:    0.12  Ratio:    0.00       (C.Area)

  _19_  (sky130_fd_sc_hd__or3_1)  C
[1]  met2:
  PAR:    4.81  Ratio:    0.00       (Area)
  PAR:   24.43  Ratio: 3237.20       (S.Area)
  CAR:    9.94  Ratio:    0.00       (C.Area)
  CAR:   51.60  Ratio:    0.00       (C.S.Area)

[1]  met1:
  PAR:    1.69  Ratio:    0.00       (Area)
  PAR:    9.22  Ratio:  400.00       (S.Area)
  CAR:    1.80  Ratio:    0.00       (C.Area)
  CAR:    9.36  Ratio:    0.00       (C.S.Area)

[1]  li1:
  PAR:    0.11  Ratio:    0.00       (Area)
  PAR:    0.13  Ratio:   75.00       (S.Area)
  CAR:    0.11  Ratio:    0.00       (C.Area)
  CAR:    0.13  Ratio:    0.00       (C.S.Area)

[1]  M1M2_PR:
  PAR:    0.18  Ratio:    6.00       (Area)
  CAR:    0.41  Ratio:    0.00       (C.Area)

[1]  L1M1_PR_MR:
  PAR:    0.23  Ratio:    3.00       (Area)
  CAR:    0.23  Ratio:    0.00       (C.Area)


Net - state\[0\]
  _14_  (sky130_fd_sc_hd__or2b_1)  A
[1]  met2:
  PAR:    6.59  Ratio:    0.00       (Area)
  PAR:   33.35  Ratio: 2771.60       (S.Area)
  CAR:   11.46  Ratio:    0.00       (C.Area)
  CAR:   58.04  Ratio:    0.00       (C.S.Area)

[1]  met1:
  PAR:    4.76  Ratio:    0.00       (Area)
  PAR:   24.56  Ratio:  400.00       (S.Area)
  CAR:    4.87  Ratio:    0.00       (C.Area)
  CAR:   24.69  Ratio:    0.00       (C.S.Area)

[1]  li1:
  PAR:    0.11  Ratio:    0.00       (Area)
  PAR:    0.13  Ratio:   75.00       (S.Area)
  CAR:    0.11  Ratio:    0.00       (C.Area)
  CAR:    0.13  Ratio:    0.00       (C.S.Area)

[1]  M1M2_PR:
  PAR:    0.18  Ratio:    6.00       (Area)
  CAR:    0.41  Ratio:    0.00       (C.Area)

[1]  L1M1_PR_MR:
  PAR:    0.23  Ratio:    3.00       (Area)
  CAR:    0.23  Ratio:    0.00       (C.Area)

  _13_  (sky130_fd_sc_hd__or4b_4)  B
[1]  met2:
  PAR:    6.59  Ratio:    0.00       (Area)
  PAR:   33.35  Ratio: 2771.60       (S.Area)
  CAR:    7.44  Ratio:    0.00       (C.Area)
  CAR:   38.17  Ratio:    0.00       (C.S.Area)

[1]  met1:
  PAR:    0.79  Ratio:    0.00       (Area)
  PAR:    4.75  Ratio:  400.00       (S.Area)
  CAR:    0.85  Ratio:    0.00       (C.Area)
  CAR:    4.82  Ratio:    0.00       (C.S.Area)

[1]  li1:
  PAR:    0.06  Ratio:    0.00       (Area)
  PAR:    0.07  Ratio:   75.00       (S.Area)
  CAR:    0.06  Ratio:    0.00       (C.Area)
  CAR:    0.07  Ratio:    0.00       (C.S.Area)

[1]  M1M2_PR:
  PAR:    0.09  Ratio:    6.00       (Area)
  CAR:    0.21  Ratio:    0.00       (C.Area)

[1]  L1M1_PR_MR:
  PAR:    0.12  Ratio:    3.00       (Area)
  CAR:    0.12  Ratio:    0.00       (C.Area)


Net - state\[1\]
  _12_  (sky130_fd_sc_hd__inv_2)  A
[1]  met2:
  PAR:    1.32  Ratio:    0.00       (Area)
  PAR:    6.78  Ratio: 2778.20       (S.Area)
  CAR:    2.01  Ratio:    0.00       (C.Area)
  CAR:   10.69  Ratio:    0.00       (C.S.Area)

[1]  met1:
  PAR:    0.66  Ratio:    0.00       (Area)
  PAR:    3.87  Ratio:  400.00       (S.Area)
  CAR:    0.69  Ratio:    0.00       (C.Area)
  CAR:    3.91  Ratio:    0.00       (C.S.Area)

[1]  li1:
  PAR:    0.03  Ratio:    0.00       (Area)
  PAR:    0.03  Ratio:   75.00       (S.Area)
  CAR:    0.03  Ratio:    0.00       (C.Area)
  CAR:    0.03  Ratio:    0.00       (C.S.Area)

[1]  M1M2_PR:
  PAR:    0.09  Ratio:    6.00       (Area)
  CAR:    0.15  Ratio:    0.00       (C.Area)

[1]  L1M1_PR_MR:
  PAR:    0.06  Ratio:    3.00       (Area)
  CAR:    0.06  Ratio:    0.00       (C.Area)

  _20_  (sky130_fd_sc_hd__o21a_1)  A1
[1]  met2:
  PAR:    1.32  Ratio:    0.00       (Area)
  PAR:    6.78  Ratio: 2778.20       (S.Area)
  CAR:    5.39  Ratio:    0.00       (C.Area)
  CAR:   28.02  Ratio:    0.00       (C.S.Area)

[1]  met1:
  PAR:    3.35  Ratio:    0.00       (Area)
  PAR:   17.30  Ratio:  400.00       (S.Area)
  CAR:    3.41  Ratio:    0.00       (C.Area)
  CAR:   17.37  Ratio:    0.00       (C.S.Area)

[1]  li1:
  PAR:    0.06  Ratio:    0.00       (Area)
  PAR:    0.07  Ratio:   75.00       (S.Area)
  CAR:    0.06  Ratio:    0.00       (C.Area)
  CAR:    0.07  Ratio:    0.00       (C.S.Area)

[1]  M1M2_PR:
  PAR:    0.06  Ratio:    6.00       (Area)
  CAR:    0.18  Ratio:    0.00       (C.Area)

[1]  L1M1_PR_MR:
  PAR:    0.12  Ratio:    3.00       (Area)
  CAR:    0.12  Ratio:    0.00       (C.Area)

  _19_  (sky130_fd_sc_hd__or3_1)  A
[1]  met2:
  PAR:    1.32  Ratio:    0.00       (Area)
  PAR:    6.78  Ratio: 2778.20       (S.Area)
  CAR:    5.45  Ratio:    0.00       (C.Area)
  CAR:   28.09  Ratio:    0.00       (C.S.Area)

[1]  met1:
  PAR:    3.35  Ratio:    0.00       (Area)
  PAR:   17.30  Ratio:  400.00       (S.Area)
  CAR:    3.47  Ratio:    0.00       (C.Area)
  CAR:   17.43  Ratio:    0.00       (C.S.Area)

[1]  li1:
  PAR:    0.11  Ratio:    0.00       (Area)
  PAR:    0.13  Ratio:   75.00       (S.Area)
  CAR:    0.11  Ratio:    0.00       (C.Area)
  CAR:    0.13  Ratio:    0.00       (C.S.Area)

[1]  M1M2_PR:
  PAR:    0.06  Ratio:    6.00       (Area)
  CAR:    0.29  Ratio:    0.00       (C.Area)

[1]  L1M1_PR_MR:
  PAR:    0.23  Ratio:    3.00       (Area)
  CAR:    0.23  Ratio:    0.00       (C.Area)

  _18_  (sky130_fd_sc_hd__nor3_4)  A
[1]  met2:
  PAR:    1.32  Ratio:    0.00       (Area)
  PAR:    6.78  Ratio: 2778.20       (S.Area)
  CAR:    2.43  Ratio:    0.00       (C.Area)
  CAR:   12.45  Ratio:    0.00       (C.S.Area)

[1]  met1:
  PAR:    1.09  Ratio:    0.00       (Area)
  PAR:    5.66  Ratio:  400.00       (S.Area)
  CAR:    1.11  Ratio:    0.00       (C.Area)
  CAR:    5.67  Ratio:    0.00       (C.S.Area)

[1]  li1:
  PAR:    0.01  Ratio:    0.00       (Area)
  PAR:    0.02  Ratio:   75.00       (S.Area)
  CAR:    0.01  Ratio:    0.00       (C.Area)
  CAR:    0.02  Ratio:    0.00       (C.S.Area)

[1]  M1M2_PR:
  PAR:    0.02  Ratio:    6.00       (Area)
  CAR:    0.05  Ratio:    0.00       (C.Area)

[1]  L1M1_PR_MR:
  PAR:    0.03  Ratio:    3.00       (Area)
  CAR:    0.03  Ratio:    0.00       (C.Area)

  _13_  (sky130_fd_sc_hd__or4b_4)  A
[1]  met2:
  PAR:    1.32  Ratio:    0.00       (Area)
  PAR:    6.78  Ratio: 2778.20       (S.Area)
  CAR:    6.86  Ratio:    0.00       (C.Area)
  CAR:   35.02  Ratio:    0.00       (C.S.Area)

[1]  met1:
  PAR:    5.48  Ratio:    0.00       (Area)
  PAR:   28.17  Ratio:  400.00       (S.Area)
  CAR:    5.53  Ratio:    0.00       (C.Area)
  CAR:   28.24  Ratio:    0.00       (C.S.Area)

[1]  li1:
  PAR:    0.06  Ratio:    0.00       (Area)
  PAR:    0.07  Ratio:   75.00       (S.Area)
  CAR:    0.06  Ratio:    0.00       (C.Area)
  CAR:    0.07  Ratio:    0.00       (C.S.Area)

[1]  M1M2_PR:
  PAR:    0.09  Ratio:    6.00       (Area)
  CAR:    0.21  Ratio:    0.00       (C.Area)

[1]  L1M1_PR_MR:
  PAR:    0.12  Ratio:    3.00       (Area)
  CAR:    0.12  Ratio:    0.00       (C.Area)


Net - net1

Net - net2
  _13_  (sky130_fd_sc_hd__or4b_4)  D_N
[1]  met2:
  PAR:    8.44  Ratio:    0.00       (Area)
  PAR:   42.52  Ratio: 2736.24       (S.Area)
  CAR:    9.73  Ratio:    0.00       (C.Area)
  CAR:   49.33  Ratio:    0.00       (C.S.Area)

[1]  met1:
  PAR:    1.18  Ratio:    0.00       (Area)
  PAR:    6.67  Ratio:  400.00       (S.Area)
  CAR:    1.29  Ratio:    0.00       (C.Area)
  CAR:    6.80  Ratio:    0.00       (C.S.Area)

[1]  li1:
  PAR:    0.11  Ratio:    0.00       (Area)
  PAR:    0.13  Ratio:   75.00       (S.Area)
  CAR:    0.11  Ratio:    0.00       (C.Area)
  CAR:    0.13  Ratio:    0.00       (C.S.Area)

[1]  M1M2_PR:
  PAR:    0.18  Ratio:    6.00       (Area)
  CAR:    0.41  Ratio:    0.00       (C.Area)

[1]  L1M1_PR_MR:
  PAR:    0.23  Ratio:    3.00       (Area)
  CAR:    0.23  Ratio:    0.00       (C.Area)


Net - net3
  _13_  (sky130_fd_sc_hd__or4b_4)  C
[1]  met2:
  PAR:   11.60  Ratio:    0.00       (Area)
  PAR:   58.19  Ratio: 2736.24       (S.Area)
  CAR:   12.26  Ratio:    0.00       (C.Area)
  CAR:   61.65  Ratio:    0.00       (C.S.Area)

[1]  met1:
  PAR:    0.60  Ratio:    0.00       (Area)
  PAR:    3.39  Ratio:  400.00       (S.Area)
  CAR:    0.66  Ratio:    0.00       (C.Area)
  CAR:    3.46  Ratio:    0.00       (C.S.Area)

[1]  li1:
  PAR:    0.06  Ratio:    0.00       (Area)
  PAR:    0.07  Ratio:   75.00       (S.Area)
  CAR:    0.06  Ratio:    0.00       (C.Area)
  CAR:    0.07  Ratio:    0.00       (C.S.Area)

[1]  M1M2_PR:
  PAR:    0.09  Ratio:    6.00       (Area)
  CAR:    0.21  Ratio:    0.00       (C.Area)

[1]  L1M1_PR_MR:
  PAR:    0.12  Ratio:    3.00       (Area)
  CAR:    0.12  Ratio:    0.00       (C.Area)


Net - net4
  _11_  (sky130_fd_sc_hd__inv_2)  A
[1]  met2:
  PAR:    0.71  Ratio:    0.00       (Area)
  PAR:    3.61  Ratio: 2736.24       (S.Area)
  CAR:    0.90  Ratio:    0.00       (C.Area)
  CAR:    4.69  Ratio:    0.00       (C.S.Area)

[1]  met1:
  PAR:    0.17  Ratio:    0.00       (Area)
  PAR:    1.05  Ratio:  400.00       (S.Area)
  CAR:    0.20  Ratio:    0.00       (C.Area)
  CAR:    1.08  Ratio:    0.00       (C.S.Area)

[1]  li1:
  PAR:    0.03  Ratio:    0.00       (Area)
  PAR:    0.03  Ratio:   75.00       (S.Area)
  CAR:    0.03  Ratio:    0.00       (C.Area)
  CAR:    0.03  Ratio:    0.00       (C.S.Area)

[1]  M1M2_PR:
  PAR:    0.05  Ratio:    6.00       (Area)
  CAR:    0.10  Ratio:    0.00       (C.Area)

[1]  L1M1_PR_MR:
  PAR:    0.06  Ratio:    3.00       (Area)
  CAR:    0.06  Ratio:    0.00       (C.Area)


Net - net5
  _17_  (sky130_fd_sc_hd__nor2_4)  B
[1]  met2:
  PAR:    1.14  Ratio:    0.00       (Area)
  PAR:    5.94  Ratio: 2736.24       (S.Area)
  CAR:    1.17  Ratio:    0.00       (C.Area)
  CAR:    6.05  Ratio:    0.00       (C.S.Area)

[1]  met1:
  PAR:    0.02  Ratio:    0.00       (Area)
  PAR:    0.10  Ratio:  400.00       (S.Area)
  CAR:    0.03  Ratio:    0.00       (C.Area)
  CAR:    0.12  Ratio:    0.00       (C.S.Area)

[1]  li1:
  PAR:    0.01  Ratio:    0.00       (Area)
  PAR:    0.02  Ratio:   75.00       (S.Area)
  CAR:    0.01  Ratio:    0.00       (C.Area)
  CAR:    0.02  Ratio:    0.00       (C.S.Area)

[1]  M1M2_PR:
  PAR:    0.02  Ratio:    6.00       (Area)
  CAR:    0.05  Ratio:    0.00       (C.Area)

[1]  L1M1_PR_MR:
  PAR:    0.03  Ratio:    3.00       (Area)
  CAR:    0.03  Ratio:    0.00       (C.Area)


Net - net6
  _16_  (sky130_fd_sc_hd__o211a_1)  A2
[1]  met2:
  PAR:    1.60  Ratio:    0.00       (Area)
  PAR:    8.19  Ratio: 2736.24       (S.Area)
  CAR:    4.54  Ratio:    0.00       (C.Area)
  CAR:   23.85  Ratio:    0.00       (C.S.Area)

[1]  met1:
  PAR:    2.88  Ratio:    0.00       (Area)
  PAR:   15.60  Ratio:  400.00       (S.Area)
  CAR:    2.94  Ratio:    0.00       (C.Area)
  CAR:   15.67  Ratio:    0.00       (C.S.Area)

[1]  li1:
  PAR:    0.06  Ratio:    0.00       (Area)
  PAR:    0.07  Ratio:   75.00       (S.Area)
  CAR:    0.06  Ratio:    0.00       (C.Area)
  CAR:    0.07  Ratio:    0.00       (C.S.Area)

[1]  M1M2_PR:
  PAR:    0.09  Ratio:    6.00       (Area)
  CAR:    0.21  Ratio:    0.00       (C.Area)

[1]  L1M1_PR_MR:
  PAR:    0.12  Ratio:    3.00       (Area)
  CAR:    0.12  Ratio:    0.00       (C.Area)


Net - net7

Net - net8

Net - net9
  _21_  (sky130_fd_sc_hd__a211o_1)  A1
[1]  met2:
  PAR:    2.76  Ratio:    0.00       (Area)
  PAR:   14.13  Ratio: 2771.60       (S.Area)
  CAR:    2.90  Ratio:    0.00       (C.Area)
  CAR:   14.59  Ratio:    0.00       (C.S.Area)

[1]  met1:
  PAR:    0.08  Ratio:    0.00       (Area)
  PAR:    0.40  Ratio:  400.00       (S.Area)
  CAR:    0.14  Ratio:    0.00       (C.Area)
  CAR:    0.46  Ratio:    0.00       (C.S.Area)

[1]  li1:
  PAR:    0.06  Ratio:    0.00       (Area)
  PAR:    0.07  Ratio:   75.00       (S.Area)
  CAR:    0.06  Ratio:    0.00       (C.Area)
  CAR:    0.07  Ratio:    0.00       (C.S.Area)

[1]  M1M2_PR:
  PAR:    0.09  Ratio:    6.00       (Area)
  CAR:    0.21  Ratio:    0.00       (C.Area)

[1]  L1M1_PR_MR:
  PAR:    0.12  Ratio:    3.00       (Area)
  CAR:    0.12  Ratio:    0.00       (C.Area)

  output9  (sky130_fd_sc_hd__clkbuf_2)  A
[1]  met2:
  PAR:    2.76  Ratio:    0.00       (Area)
  PAR:   14.13  Ratio: 2771.60       (S.Area)
  CAR:    3.23  Ratio:    0.00       (C.Area)
  CAR:   16.64  Ratio:    0.00       (C.S.Area)

[1]  met1:
  PAR:    0.39  Ratio:    0.00       (Area)
  PAR:    2.43  Ratio:  400.00       (S.Area)
  CAR:    0.46  Ratio:    0.00       (C.Area)
  CAR:    2.51  Ratio:    0.00       (C.S.Area)

[1]  li1:
  PAR:    0.07  Ratio:    0.00       (Area)
  PAR:    0.08  Ratio:   75.00       (S.Area)
  CAR:    0.07  Ratio:    0.00       (C.Area)
  CAR:    0.08  Ratio:    0.00       (C.S.Area)

[1]  M1M2_PR:
  PAR:    0.11  Ratio:    6.00       (Area)
  CAR:    0.24  Ratio:    0.00       (C.Area)

[1]  L1M1_PR_MR:
  PAR:    0.14  Ratio:    3.00       (Area)
  CAR:    0.14  Ratio:    0.00       (C.Area)

Number of pins violated: 0
Number of nets violated: 0
Total number of unspecial nets: 32
